#
# There is insufficient memory for the Java Runtime Environment to continue.
# Native memory allocation (malloc) failed to allocate 1158416 bytes. Error detail: Chunk::new
# Possible reasons:
#   The system is out of physical RAM or swap space
#   This process is running with CompressedOops enabled, and the Java Heap may be blocking the growth of the native heap
# Possible solutions:
#   Reduce memory load on the system
#   Increase physical memory or swap space
#   Check if swap backing store is full
#   Decrease Java heap size (-Xmx/-Xms)
#   Decrease number of Java threads
#   Decrease Java thread stack sizes (-Xss)
#   Set larger code cache with -XX:ReservedCodeCacheSize=
#   JVM is running with Zero Based Compressed Oops mode in which the Java heap is
#     placed in the first 32GB address space. The Java Heap base address is the
#     maximum limit for the native heap growth. Please use -XX:HeapBaseMinAddress
#     to set the Java Heap base and to place the Java Heap above 32GB virtual address.
# This output file may be truncated or incomplete.
#
#  Out of Memory Error (arena.cpp:168), pid=17544, tid=36524
#
# JRE version: OpenJDK Runtime Environment Temurin-21.0.10+7 (21.0.10+7) (build 21.0.10+7-LTS)
# Java VM: OpenJDK 64-Bit Server VM Temurin-21.0.10+7 (21.0.10+7-LTS, mixed mode, tiered, compressed oops, compressed class ptrs, g1 gc, windows-amd64)
# No core dump will be written. Minidumps are not enabled by default on client versions of Windows
#

---------------  S U M M A R Y ------------

Command Line: -Djavax.net.ssl.trustStoreType=WINDOWS-ROOT -Dsun.java2d.d3d=false --add-exports=java.desktop/sun.awt=ALL-UNNAMED --add-opens=java.desktop/java.awt=ALL-UNNAMED -Dfile.encoding=UTF8 com.st.microxplorer.maingui.STM32CubeMX C:\Users\zheng\Desktop\3D\gcxl\F407\WWW\WWW.ioc

Host: AMD Ryzen 7 5800H with Radeon Graphics         , 16 cores, 15G,  Windows 11 , 64 bit Build 26100 (10.0.26100.9168)
Time: Thu Aug 20 19:09:59 2026 elapsed time: 2662.588359 seconds (0d 0h 44m 22s)

---------------  T H R E A D  ---------------

Current thread (0x0000023c681a7b40):  JavaThread "C2 CompilerThread0" daemon [_thread_in_native, id=36524, stack(0x0000004fc8900000,0x0000004fc8a00000) (1024K)]


Current CompileTask:
C2:2662588 18584   !   4       sun.security.ssl.SSLCipher$T13GcmWriteCipherGenerator$GcmWriteCipher::encrypt (329 bytes)

Stack: [0x0000004fc8900000,0x0000004fc8a00000]
Native frames: (J=compiled Java code, j=interpreted, Vv=VM code, C=native code)
V  [jvm.dll+0x6d7a39]
V  [jvm.dll+0x8b4b26]
V  [jvm.dll+0x8b70de]
V  [jvm.dll+0x8b77c3]
V  [jvm.dll+0x284346]
V  [jvm.dll+0xc66ed]
V  [jvm.dll+0xc6c31]
V  [jvm.dll+0x3bec01]
V  [jvm.dll+0x38b162]
V  [jvm.dll+0x38a5aa]
V  [jvm.dll+0x24c560]
V  [jvm.dll+0x24bb40]
V  [jvm.dll+0x1cb34e]
V  [jvm.dll+0x25b85d]
V  [jvm.dll+0x259dea]
V  [jvm.dll+0x3f857e]
V  [jvm.dll+0x85f59d]
V  [jvm.dll+0x6d626d]
C  [ucrtbase.dll+0x2cd30]
C  [KERNEL32.DLL+0x2ccb7]
C  [ntdll.dll+0xaad6c]


---------------  P R O C E S S  ---------------

Threads class SMR info:
_java_thread_list=0x0000023c6d98fef0, length=19, elements={
0x0000023c68184430, 0x0000023c6816ded0, 0x0000023c68178ef0, 0x0000023c6816fc20,
0x0000023c681a4fe0, 0x0000023c681a5bf0, 0x0000023c681a7b40, 0x0000023c681a85e0,
0x0000023c683b2e30, 0x0000023c683b5670, 0x0000023c6d74f200, 0x0000023c6d606870,
0x0000023c6d606ee0, 0x0000023c6d2b1040, 0x0000023c455b3770, 0x0000023c705396b0,
0x0000023c7068d380, 0x0000023c7068bfd0, 0x0000023c7068b940
}

Java Threads: ( => current thread )
  0x0000023c68184430 JavaThread "Reference Handler"          daemon [_thread_blocked, id=47296, stack(0x0000004fc8300000,0x0000004fc8400000) (1024K)]
  0x0000023c6816ded0 JavaThread "Finalizer"                  daemon [_thread_blocked, id=27440, stack(0x0000004fc8400000,0x0000004fc8500000) (1024K)]
  0x0000023c68178ef0 JavaThread "Signal Dispatcher"          daemon [_thread_blocked, id=34696, stack(0x0000004fc8500000,0x0000004fc8600000) (1024K)]
  0x0000023c6816fc20 JavaThread "Attach Listener"            daemon [_thread_blocked, id=24620, stack(0x0000004fc8600000,0x0000004fc8700000) (1024K)]
  0x0000023c681a4fe0 JavaThread "Service Thread"             daemon [_thread_blocked, id=36592, stack(0x0000004fc8700000,0x0000004fc8800000) (1024K)]
  0x0000023c681a5bf0 JavaThread "Monitor Deflation Thread"   daemon [_thread_blocked, id=25500, stack(0x0000004fc8800000,0x0000004fc8900000) (1024K)]
=>0x0000023c681a7b40 JavaThread "C2 CompilerThread0"         daemon [_thread_in_native, id=36524, stack(0x0000004fc8900000,0x0000004fc8a00000) (1024K)]
  0x0000023c681a85e0 JavaThread "C1 CompilerThread0"         daemon [_thread_blocked, id=42548, stack(0x0000004fc8a00000,0x0000004fc8b00000) (1024K)]
  0x0000023c683b2e30 JavaThread "Notification Thread"        daemon [_thread_blocked, id=6300, stack(0x0000004fc8c00000,0x0000004fc8d00000) (1024K)]
  0x0000023c683b5670 JavaThread "Common-Cleaner"             daemon [_thread_blocked, id=16624, stack(0x0000004fc8d00000,0x0000004fc8e00000) (1024K)]
  0x0000023c6d74f200 JavaThread "Java2D Disposer"            daemon [_thread_blocked, id=30084, stack(0x0000004fc9200000,0x0000004fc9300000) (1024K)]
  0x0000023c6d606870 JavaThread "AWT-Shutdown"                      [_thread_blocked, id=41520, stack(0x0000004fc9f00000,0x0000004fca000000) (1024K)]
  0x0000023c6d606ee0 JavaThread "AWT-Windows"                daemon [_thread_in_native, id=47816, stack(0x0000004fca000000,0x0000004fca100000) (1024K)]
  0x0000023c6d2b1040 JavaThread "AWT-EventQueue-0"                  [_thread_blocked, id=23656, stack(0x0000004fca100000,0x0000004fca200000) (1024K)]
  0x0000023c455b3770 JavaThread "DestroyJavaVM"                     [_thread_blocked, id=51320, stack(0x0000004fc7b00000,0x0000004fc7c00000) (1024K)]
  0x0000023c705396b0 JavaThread "TimerQueue"                 daemon [_thread_blocked, id=43668, stack(0x0000004fca500000,0x0000004fca600000) (1024K)]
  0x0000023c7068d380 JavaThread "pool-2-thread-1"                   [_thread_in_native, id=44640, stack(0x0000004fcb400000,0x0000004fcb500000) (1024K)]
  0x0000023c7068bfd0 JavaThread "SwingWorker-pool-4-thread-1" daemon [_thread_blocked, id=2068, stack(0x0000004fca800000,0x0000004fca900000) (1024K)]
  0x0000023c7068b940 JavaThread "SwingWorker-pool-4-thread-2" daemon [_thread_blocked, id=43676, stack(0x0000004fc8f00000,0x0000004fc9000000) (1024K)]
Total: 19

Other Threads:
  0x0000023c680ac420 VMThread "VM Thread"                           [id=47652, stack(0x0000004fc8200000,0x0000004fc8300000) (1024K)]
  0x0000023c68063090 WatcherThread "VM Periodic Task Thread"        [id=19912, stack(0x0000004fc8100000,0x0000004fc8200000) (1024K)]
  0x0000023c47901d50 WorkerThread "GC Thread#0"                     [id=18092, stack(0x0000004fc7c00000,0x0000004fc7d00000) (1024K)]
  0x0000023c6d11c800 WorkerThread "GC Thread#1"                     [id=32224, stack(0x0000004fc9400000,0x0000004fc9500000) (1024K)]
  0x0000023c6d3d1b30 WorkerThread "GC Thread#2"                     [id=44348, stack(0x0000004fc9500000,0x0000004fc9600000) (1024K)]
  0x0000023c6d0bae50 WorkerThread "GC Thread#3"                     [id=26516, stack(0x0000004fc9600000,0x0000004fc9700000) (1024K)]
  0x0000023c689ed410 WorkerThread "GC Thread#4"                     [id=46060, stack(0x0000004fc9700000,0x0000004fc9800000) (1024K)]
  0x0000023c6d2cd560 WorkerThread "GC Thread#5"                     [id=49464, stack(0x0000004fc9800000,0x0000004fc9900000) (1024K)]
  0x0000023c68ae8670 WorkerThread "GC Thread#6"                     [id=36756, stack(0x0000004fc9900000,0x0000004fc9a00000) (1024K)]
  0x0000023c68ae9640 WorkerThread "GC Thread#7"                     [id=37048, stack(0x0000004fc9a00000,0x0000004fc9b00000) (1024K)]
  0x0000023c6d461590 WorkerThread "GC Thread#8"                     [id=41548, stack(0x0000004fc9300000,0x0000004fc9400000) (1024K)]
  0x0000023c6d460e30 WorkerThread "GC Thread#9"                     [id=31340, stack(0x0000004fc9b00000,0x0000004fc9c00000) (1024K)]
  0x0000023c6d462800 WorkerThread "GC Thread#10"                    [id=14584, stack(0x0000004fc9c00000,0x0000004fc9d00000) (1024K)]
  0x0000023c6dc4a650 WorkerThread "GC Thread#11"                    [id=51852, stack(0x0000004fca300000,0x0000004fca400000) (1024K)]
  0x0000023c6dc49030 WorkerThread "GC Thread#12"                    [id=41700, stack(0x0000004fca400000,0x0000004fca500000) (1024K)]
  0x0000023c47916c50 ConcurrentGCThread "G1 Main Marker"            [id=15744, stack(0x0000004fc7d00000,0x0000004fc7e00000) (1024K)]
  0x0000023c47919520 WorkerThread "G1 Conc#0"                       [id=35908, stack(0x0000004fc7e00000,0x0000004fc7f00000) (1024K)]
  0x0000023c6d4620a0 WorkerThread "G1 Conc#1"                       [id=43584, stack(0x0000004fc9d00000,0x0000004fc9e00000) (1024K)]
  0x0000023c6d462450 WorkerThread "G1 Conc#2"                       [id=46148, stack(0x0000004fc9e00000,0x0000004fc9f00000) (1024K)]
  0x0000023c67f2cec0 ConcurrentGCThread "G1 Refine#0"               [id=34368, stack(0x0000004fc7f00000,0x0000004fc8000000) (1024K)]
  0x0000023c67f2d6f0 ConcurrentGCThread "G1 Service"                [id=46856, stack(0x0000004fc8000000,0x0000004fc8100000) (1024K)]
Total: 21

Threads with active compile tasks:
C2 CompilerThread0  2662648 18584   !   4       sun.security.ssl.SSLCipher$T13GcmWriteCipherGenerator$GcmWriteCipher::encrypt (329 bytes)
Total: 1

VM state: not at safepoint (normal execution)

VM Mutex/Monitor currently owned by a thread: None

Heap address: 0x000000070a200000, size: 3934 MB, Compressed Oops mode: Zero based, Oop shift amount: 3

CDS archive(s) not mapped
Compressed class space mapped at: 0x0000000800000000-0x0000000840000000, reserved size: 1073741824
Narrow klass base: 0x0000000800000000, Narrow klass shift: 0, Narrow klass range: 0x40000000

GC Precious Log:
 CardTable entry size: 512
 Card Set container configuration: InlinePtr #cards 4 size 8 Array Of Cards #cards 16 size 48 Howl #buckets 8 coarsen threshold 3686 Howl Bitmap #cards 512 size 80 coarsen threshold 460 Card regions per heap region 1 cards per card region 4096
 CPUs: 16 total, 16 available
 Memory: 15734M
 Large Page Support: Disabled
 NUMA Support: Disabled
 Compressed Oops: Enabled (Zero based)
 Heap Region Size: 2M
 Heap Min Capacity: 8M
 Heap Initial Capacity: 246M
 Heap Max Capacity: 3934M
 Pre-touch: Disabled
 Parallel Workers: 13
 Concurrent Workers: 3
 Concurrent Refinement Workers: 13
 Periodic GC: Disabled

Heap:
 garbage-first heap   total 487424K, used 437380K [0x000000070a200000, 0x0000000800000000)
  region size 2048K, 135 young (276480K), 2 survivors (4096K)
 Metaspace       used 92419K, committed 93760K, reserved 1179648K
  class space    used 10082K, committed 10688K, reserved 1048576K

Heap Regions: E=young(eden), S=young(survivor), O=old, HS=humongous(starts), HC=humongous(continues), CS=collection set, F=free, TAMS=top-at-mark-start, PB=parsable bottom
|   0|0x000000070a200000, 0x000000070a400000, 0x000000070a400000|100%|HS|  |TAMS 0x000000070a200000| PB 0x000000070a200000| Complete 
|   1|0x000000070a400000, 0x000000070a600000, 0x000000070a600000|100%|HC|  |TAMS 0x000000070a400000| PB 0x000000070a400000| Complete 
|   2|0x000000070a600000, 0x000000070a800000, 0x000000070a800000|100%|HC|  |TAMS 0x000000070a600000| PB 0x000000070a600000| Complete 
|   3|0x000000070a800000, 0x000000070aa00000, 0x000000070aa00000|100%| O|  |TAMS 0x000000070a800000| PB 0x000000070a800000| Untracked 
|   4|0x000000070aa00000, 0x000000070ac00000, 0x000000070ac00000|100%| O|  |TAMS 0x000000070aa00000| PB 0x000000070aa00000| Untracked 
|   5|0x000000070ac00000, 0x000000070ae00000, 0x000000070ae00000|100%| O|  |TAMS 0x000000070ac00000| PB 0x000000070ac00000| Untracked 
|   6|0x000000070ae00000, 0x000000070b000000, 0x000000070b000000|100%| O|  |TAMS 0x000000070ae00000| PB 0x000000070ae00000| Untracked 
|   7|0x000000070b000000, 0x000000070b200000, 0x000000070b200000|100%| O|  |TAMS 0x000000070b000000| PB 0x000000070b000000| Untracked 
|   8|0x000000070b200000, 0x000000070b400000, 0x000000070b400000|100%| O|  |TAMS 0x000000070b200000| PB 0x000000070b200000| Untracked 
|   9|0x000000070b400000, 0x000000070b400000, 0x000000070b600000|  0%| F|  |TAMS 0x000000070b400000| PB 0x000000070b400000| Untracked 
|  10|0x000000070b600000, 0x000000070b800000, 0x000000070b800000|100%| O|  |TAMS 0x000000070b600000| PB 0x000000070b600000| Untracked 
|  11|0x000000070b800000, 0x000000070ba00000, 0x000000070ba00000|100%| O|  |TAMS 0x000000070b800000| PB 0x000000070b800000| Untracked 
|  12|0x000000070ba00000, 0x000000070bc00000, 0x000000070bc00000|100%| O|  |TAMS 0x000000070ba00000| PB 0x000000070ba00000| Untracked 
|  13|0x000000070bc00000, 0x000000070be00000, 0x000000070be00000|100%| O|  |TAMS 0x000000070bc00000| PB 0x000000070bc00000| Untracked 
|  14|0x000000070be00000, 0x000000070c000000, 0x000000070c000000|100%| O|  |TAMS 0x000000070be00000| PB 0x000000070be00000| Untracked 
|  15|0x000000070c000000, 0x000000070c200000, 0x000000070c200000|100%| O|  |TAMS 0x000000070c000000| PB 0x000000070c000000| Untracked 
|  16|0x000000070c200000, 0x000000070c400000, 0x000000070c400000|100%| O|  |TAMS 0x000000070c200000| PB 0x000000070c200000| Untracked 
|  17|0x000000070c400000, 0x000000070c600000, 0x000000070c600000|100%| O|  |TAMS 0x000000070c400000| PB 0x000000070c400000| Untracked 
|  18|0x000000070c600000, 0x000000070c800000, 0x000000070c800000|100%| O|  |TAMS 0x000000070c600000| PB 0x000000070c600000| Untracked 
|  19|0x000000070c800000, 0x000000070ca00000, 0x000000070ca00000|100%| O|  |TAMS 0x000000070c800000| PB 0x000000070c800000| Untracked 
|  20|0x000000070ca00000, 0x000000070cc00000, 0x000000070cc00000|100%|HS|  |TAMS 0x000000070ca00000| PB 0x000000070ca00000| Complete 
|  21|0x000000070cc00000, 0x000000070ce00000, 0x000000070ce00000|100%| O|  |TAMS 0x000000070cc00000| PB 0x000000070cc00000| Untracked 
|  22|0x000000070ce00000, 0x000000070d000000, 0x000000070d000000|100%|HS|  |TAMS 0x000000070ce00000| PB 0x000000070ce00000| Complete 
|  23|0x000000070d000000, 0x000000070d200000, 0x000000070d200000|100%|HS|  |TAMS 0x000000070d000000| PB 0x000000070d000000| Complete 
|  24|0x000000070d200000, 0x000000070d400000, 0x000000070d400000|100%|HC|  |TAMS 0x000000070d200000| PB 0x000000070d200000| Complete 
|  25|0x000000070d400000, 0x000000070d600000, 0x000000070d600000|100%| O|  |TAMS 0x000000070d400000| PB 0x000000070d400000| Untracked 
|  26|0x000000070d600000, 0x000000070d800000, 0x000000070d800000|100%|HS|  |TAMS 0x000000070d600000| PB 0x000000070d600000| Complete 
|  27|0x000000070d800000, 0x000000070da00000, 0x000000070da00000|100%|HC|  |TAMS 0x000000070d800000| PB 0x000000070d800000| Complete 
|  28|0x000000070da00000, 0x000000070dc00000, 0x000000070dc00000|100%|HS|  |TAMS 0x000000070da00000| PB 0x000000070da00000| Complete 
|  29|0x000000070dc00000, 0x000000070de00000, 0x000000070de00000|100%|HC|  |TAMS 0x000000070dc00000| PB 0x000000070dc00000| Complete 
|  30|0x000000070de00000, 0x000000070e000000, 0x000000070e000000|100%|HS|  |TAMS 0x000000070de00000| PB 0x000000070de00000| Complete 
|  31|0x000000070e000000, 0x000000070e200000, 0x000000070e200000|100%|HC|  |TAMS 0x000000070e000000| PB 0x000000070e000000| Complete 
|  32|0x000000070e200000, 0x000000070e400000, 0x000000070e400000|100%| O|  |TAMS 0x000000070e200000| PB 0x000000070e200000| Untracked 
|  33|0x000000070e400000, 0x000000070e600000, 0x000000070e600000|100%|HS|  |TAMS 0x000000070e400000| PB 0x000000070e400000| Complete 
|  34|0x000000070e600000, 0x000000070e800000, 0x000000070e800000|100%|HC|  |TAMS 0x000000070e600000| PB 0x000000070e600000| Complete 
|  35|0x000000070e800000, 0x000000070ea00000, 0x000000070ea00000|100%| O|  |TAMS 0x000000070e800000| PB 0x000000070e800000| Untracked 
|  36|0x000000070ea00000, 0x000000070ec00000, 0x000000070ec00000|100%| O|  |TAMS 0x000000070ea00000| PB 0x000000070ea00000| Untracked 
|  37|0x000000070ec00000, 0x000000070ee00000, 0x000000070ee00000|100%|HS|  |TAMS 0x000000070ec00000| PB 0x000000070ec00000| Complete 
|  38|0x000000070ee00000, 0x000000070f000000, 0x000000070f000000|100%|HC|  |TAMS 0x000000070ee00000| PB 0x000000070ee00000| Complete 
|  39|0x000000070f000000, 0x000000070f200000, 0x000000070f200000|100%| O|  |TAMS 0x000000070f000000| PB 0x000000070f000000| Untracked 
|  40|0x000000070f200000, 0x000000070f400000, 0x000000070f400000|100%|HS|  |TAMS 0x000000070f200000| PB 0x000000070f200000| Complete 
|  41|0x000000070f400000, 0x000000070f600000, 0x000000070f600000|100%|HC|  |TAMS 0x000000070f400000| PB 0x000000070f400000| Complete 
|  42|0x000000070f600000, 0x000000070f800000, 0x000000070f800000|100%| O|  |TAMS 0x000000070f600000| PB 0x000000070f600000| Untracked 
|  43|0x000000070f800000, 0x000000070fa00000, 0x000000070fa00000|100%|HS|  |TAMS 0x000000070f800000| PB 0x000000070f800000| Complete 
|  44|0x000000070fa00000, 0x000000070fc00000, 0x000000070fc00000|100%|HC|  |TAMS 0x000000070fa00000| PB 0x000000070fa00000| Complete 
|  45|0x000000070fc00000, 0x000000070fe00000, 0x000000070fe00000|100%| O|  |TAMS 0x000000070fc00000| PB 0x000000070fc00000| Untracked 
|  46|0x000000070fe00000, 0x0000000710000000, 0x0000000710000000|100%| O|  |TAMS 0x000000070fe00000| PB 0x000000070fe00000| Untracked 
|  47|0x0000000710000000, 0x00000007100a5100, 0x0000000710200000| 32%| O|  |TAMS 0x0000000710000000| PB 0x0000000710000000| Untracked 
|  48|0x0000000710200000, 0x0000000710400000, 0x0000000710400000|100%| O|  |TAMS 0x0000000710200000| PB 0x0000000710200000| Untracked 
|  49|0x0000000710400000, 0x0000000710600000, 0x0000000710600000|100%|HS|  |TAMS 0x0000000710400000| PB 0x0000000710400000| Complete 
|  50|0x0000000710600000, 0x0000000710800000, 0x0000000710800000|100%|HC|  |TAMS 0x0000000710600000| PB 0x0000000710600000| Complete 
|  51|0x0000000710800000, 0x0000000710a00000, 0x0000000710a00000|100%|HC|  |TAMS 0x0000000710800000| PB 0x0000000710800000| Complete 
|  52|0x0000000710a00000, 0x0000000710c00000, 0x0000000710c00000|100%|HC|  |TAMS 0x0000000710a00000| PB 0x0000000710a00000| Complete 
|  53|0x0000000710c00000, 0x0000000710e00000, 0x0000000710e00000|100%| O|  |TAMS 0x0000000710c00000| PB 0x0000000710c00000| Untracked 
|  54|0x0000000710e00000, 0x0000000711000000, 0x0000000711000000|100%| O|  |TAMS 0x0000000710e00000| PB 0x0000000710e00000| Untracked 
|  55|0x0000000711000000, 0x0000000711200000, 0x0000000711200000|100%| O|  |TAMS 0x0000000711000000| PB 0x0000000711000000| Untracked 
|  56|0x0000000711200000, 0x0000000711400000, 0x0000000711400000|100%| O|  |TAMS 0x0000000711200000| PB 0x0000000711200000| Untracked 
|  57|0x0000000711400000, 0x0000000711600000, 0x0000000711600000|100%| O|  |TAMS 0x0000000711400000| PB 0x0000000711400000| Untracked 
|  58|0x0000000711600000, 0x0000000711800000, 0x0000000711800000|100%| O|  |TAMS 0x0000000711600000| PB 0x0000000711600000| Untracked 
|  59|0x0000000711800000, 0x0000000711a00000, 0x0000000711a00000|100%| O|  |TAMS 0x0000000711800000| PB 0x0000000711800000| Untracked 
|  60|0x0000000711a00000, 0x0000000711c00000, 0x0000000711c00000|100%| O|  |TAMS 0x0000000711a00000| PB 0x0000000711a00000| Untracked 
|  61|0x0000000711c00000, 0x0000000711e00000, 0x0000000711e00000|100%| O|  |TAMS 0x0000000711c00000| PB 0x0000000711c00000| Untracked 
|  62|0x0000000711e00000, 0x0000000712000000, 0x0000000712000000|100%| O|  |TAMS 0x0000000711e00000| PB 0x0000000711e00000| Untracked 
|  63|0x0000000712000000, 0x0000000712200000, 0x0000000712200000|100%| O|  |TAMS 0x0000000712000000| PB 0x0000000712000000| Untracked 
|  64|0x0000000712200000, 0x0000000712400000, 0x0000000712400000|100%| O|  |TAMS 0x0000000712200000| PB 0x0000000712200000| Untracked 
|  65|0x0000000712400000, 0x0000000712600000, 0x0000000712600000|100%|HS|  |TAMS 0x0000000712400000| PB 0x0000000712400000| Complete 
|  66|0x0000000712600000, 0x0000000712800000, 0x0000000712800000|100%|HC|  |TAMS 0x0000000712600000| PB 0x0000000712600000| Complete 
|  67|0x0000000712800000, 0x0000000712a00000, 0x0000000712a00000|100%|HC|  |TAMS 0x0000000712800000| PB 0x0000000712800000| Complete 
|  68|0x0000000712a00000, 0x0000000712c00000, 0x0000000712c00000|100%|HC|  |TAMS 0x0000000712a00000| PB 0x0000000712a00000| Complete 
|  69|0x0000000712c00000, 0x0000000712e00000, 0x0000000712e00000|100%| O|  |TAMS 0x0000000712c00000| PB 0x0000000712c00000| Untracked 
|  70|0x0000000712e00000, 0x0000000713000000, 0x0000000713000000|100%| O|  |TAMS 0x0000000712e00000| PB 0x0000000712e00000| Untracked 
|  71|0x0000000713000000, 0x0000000713200000, 0x0000000713200000|100%| O|  |TAMS 0x0000000713000000| PB 0x0000000713000000| Untracked 
|  72|0x0000000713200000, 0x0000000713400000, 0x0000000713400000|100%| O|  |TAMS 0x0000000713200000| PB 0x0000000713200000| Untracked 
|  73|0x0000000713400000, 0x0000000713600000, 0x0000000713600000|100%| O|  |TAMS 0x0000000713400000| PB 0x0000000713400000| Untracked 
|  74|0x0000000713600000, 0x0000000713800000, 0x0000000713800000|100%| O|  |TAMS 0x0000000713600000| PB 0x0000000713600000| Untracked 
|  75|0x0000000713800000, 0x0000000713a00000, 0x0000000713a00000|100%| O|  |TAMS 0x0000000713800000| PB 0x0000000713800000| Untracked 
|  76|0x0000000713a00000, 0x0000000713c00000, 0x0000000713c00000|100%| O|  |TAMS 0x0000000713a00000| PB 0x0000000713a00000| Untracked 
|  77|0x0000000713c00000, 0x0000000713e00000, 0x0000000713e00000|100%| O|  |TAMS 0x0000000713c00000| PB 0x0000000713c00000| Untracked 
|  78|0x0000000713e00000, 0x0000000714000000, 0x0000000714000000|100%| O|  |TAMS 0x0000000713e00000| PB 0x0000000713e00000| Untracked 
|  79|0x0000000714000000, 0x0000000714200000, 0x0000000714200000|100%| O|  |TAMS 0x0000000714000000| PB 0x0000000714000000| Untracked 
|  80|0x0000000714200000, 0x0000000714400000, 0x0000000714400000|100%| O|  |TAMS 0x0000000714200000| PB 0x0000000714200000| Untracked 
|  81|0x0000000714400000, 0x0000000714600000, 0x0000000714600000|100%| O|  |TAMS 0x0000000714400000| PB 0x0000000714400000| Untracked 
|  82|0x0000000714600000, 0x0000000714600000, 0x0000000714800000|  0%| F|  |TAMS 0x0000000714600000| PB 0x0000000714600000| Untracked 
|  83|0x0000000714800000, 0x0000000714800000, 0x0000000714a00000|  0%| F|  |TAMS 0x0000000714800000| PB 0x0000000714800000| Untracked 
|  84|0x0000000714a00000, 0x0000000714a00000, 0x0000000714c00000|  0%| F|  |TAMS 0x0000000714a00000| PB 0x0000000714a00000| Untracked 
|  85|0x0000000714c00000, 0x0000000714c00000, 0x0000000714e00000|  0%| F|  |TAMS 0x0000000714c00000| PB 0x0000000714c00000| Untracked 
|  86|0x0000000714e00000, 0x0000000714e00000, 0x0000000715000000|  0%| F|  |TAMS 0x0000000714e00000| PB 0x0000000714e00000| Untracked 
|  87|0x0000000715000000, 0x0000000715000000, 0x0000000715200000|  0%| F|  |TAMS 0x0000000715000000| PB 0x0000000715000000| Untracked 
|  88|0x0000000715200000, 0x0000000715200000, 0x0000000715400000|  0%| F|  |TAMS 0x0000000715200000| PB 0x0000000715200000| Untracked 
|  89|0x0000000715400000, 0x0000000715400000, 0x0000000715600000|  0%| F|  |TAMS 0x0000000715400000| PB 0x0000000715400000| Untracked 
|  90|0x0000000715600000, 0x0000000715600000, 0x0000000715800000|  0%| F|  |TAMS 0x0000000715600000| PB 0x0000000715600000| Untracked 
|  91|0x0000000715800000, 0x0000000715800000, 0x0000000715a00000|  0%| F|  |TAMS 0x0000000715800000| PB 0x0000000715800000| Untracked 
|  92|0x0000000715a00000, 0x0000000715a00000, 0x0000000715c00000|  0%| F|  |TAMS 0x0000000715a00000| PB 0x0000000715a00000| Untracked 
|  93|0x0000000715c00000, 0x0000000715c00000, 0x0000000715e00000|  0%| F|  |TAMS 0x0000000715c00000| PB 0x0000000715c00000| Untracked 
|  94|0x0000000715e00000, 0x0000000715e00000, 0x0000000716000000|  0%| F|  |TAMS 0x0000000715e00000| PB 0x0000000715e00000| Untracked 
|  95|0x0000000716000000, 0x000000071607c2b0, 0x0000000716200000| 24%| S|CS|TAMS 0x0000000716000000| PB 0x0000000716000000| Complete 
|  96|0x0000000716200000, 0x0000000716200000, 0x0000000716400000|  0%| F|  |TAMS 0x0000000716200000| PB 0x0000000716200000| Untracked 
|  97|0x0000000716400000, 0x0000000716600000, 0x0000000716600000|100%| S|CS|TAMS 0x0000000716400000| PB 0x0000000716400000| Complete 
|  98|0x0000000716600000, 0x0000000716600000, 0x0000000716800000|  0%| F|  |TAMS 0x0000000716600000| PB 0x0000000716600000| Untracked 
|  99|0x0000000716800000, 0x0000000716800000, 0x0000000716a00000|  0%| F|  |TAMS 0x0000000716800000| PB 0x0000000716800000| Untracked 
| 100|0x0000000716a00000, 0x0000000716a00000, 0x0000000716c00000|  0%| F|  |TAMS 0x0000000716a00000| PB 0x0000000716a00000| Untracked 
| 101|0x0000000716c00000, 0x0000000716c00000, 0x0000000716e00000|  0%| F|  |TAMS 0x0000000716c00000| PB 0x0000000716c00000| Untracked 
| 102|0x0000000716e00000, 0x0000000716e00000, 0x0000000717000000|  0%| F|  |TAMS 0x0000000716e00000| PB 0x0000000716e00000| Untracked 
| 103|0x0000000717000000, 0x0000000717000000, 0x0000000717200000|  0%| F|  |TAMS 0x0000000717000000| PB 0x0000000717000000| Untracked 
| 104|0x0000000717200000, 0x0000000717200000, 0x0000000717400000|  0%| F|  |TAMS 0x0000000717200000| PB 0x0000000717200000| Untracked 
| 105|0x0000000717400000, 0x0000000717600000, 0x0000000717600000|100%| E|  |TAMS 0x0000000717400000| PB 0x0000000717400000| Complete 
| 106|0x0000000717600000, 0x0000000717800000, 0x0000000717800000|100%| E|CS|TAMS 0x0000000717600000| PB 0x0000000717600000| Complete 
| 107|0x0000000717800000, 0x0000000717a00000, 0x0000000717a00000|100%| E|CS|TAMS 0x0000000717800000| PB 0x0000000717800000| Complete 
| 108|0x0000000717a00000, 0x0000000717c00000, 0x0000000717c00000|100%| E|CS|TAMS 0x0000000717a00000| PB 0x0000000717a00000| Complete 
| 109|0x0000000717c00000, 0x0000000717e00000, 0x0000000717e00000|100%| E|CS|TAMS 0x0000000717c00000| PB 0x0000000717c00000| Complete 
| 110|0x0000000717e00000, 0x0000000718000000, 0x0000000718000000|100%| E|CS|TAMS 0x0000000717e00000| PB 0x0000000717e00000| Complete 
| 111|0x0000000718000000, 0x0000000718200000, 0x0000000718200000|100%| E|CS|TAMS 0x0000000718000000| PB 0x0000000718000000| Complete 
| 112|0x0000000718200000, 0x0000000718400000, 0x0000000718400000|100%| E|CS|TAMS 0x0000000718200000| PB 0x0000000718200000| Complete 
| 113|0x0000000718400000, 0x0000000718600000, 0x0000000718600000|100%| E|CS|TAMS 0x0000000718400000| PB 0x0000000718400000| Complete 
| 114|0x0000000718600000, 0x0000000718800000, 0x0000000718800000|100%| E|CS|TAMS 0x0000000718600000| PB 0x0000000718600000| Complete 
| 115|0x0000000718800000, 0x0000000718a00000, 0x0000000718a00000|100%| E|CS|TAMS 0x0000000718800000| PB 0x0000000718800000| Complete 
| 116|0x0000000718a00000, 0x0000000718c00000, 0x0000000718c00000|100%| E|CS|TAMS 0x0000000718a00000| PB 0x0000000718a00000| Complete 
| 117|0x0000000718c00000, 0x0000000718e00000, 0x0000000718e00000|100%| E|CS|TAMS 0x0000000718c00000| PB 0x0000000718c00000| Complete 
| 118|0x0000000718e00000, 0x0000000719000000, 0x0000000719000000|100%| E|CS|TAMS 0x0000000718e00000| PB 0x0000000718e00000| Complete 
| 119|0x0000000719000000, 0x0000000719200000, 0x0000000719200000|100%| E|CS|TAMS 0x0000000719000000| PB 0x0000000719000000| Complete 
| 120|0x0000000719200000, 0x0000000719400000, 0x0000000719400000|100%| E|CS|TAMS 0x0000000719200000| PB 0x0000000719200000| Complete 
| 121|0x0000000719400000, 0x0000000719600000, 0x0000000719600000|100%| E|CS|TAMS 0x0000000719400000| PB 0x0000000719400000| Complete 
| 122|0x0000000719600000, 0x0000000719800000, 0x0000000719800000|100%| E|CS|TAMS 0x0000000719600000| PB 0x0000000719600000| Complete 
| 123|0x0000000719800000, 0x0000000719a00000, 0x0000000719a00000|100%| E|CS|TAMS 0x0000000719800000| PB 0x0000000719800000| Complete 
| 124|0x0000000719a00000, 0x0000000719c00000, 0x0000000719c00000|100%| E|CS|TAMS 0x0000000719a00000| PB 0x0000000719a00000| Complete 
| 125|0x0000000719c00000, 0x0000000719e00000, 0x0000000719e00000|100%| E|CS|TAMS 0x0000000719c00000| PB 0x0000000719c00000| Complete 
| 126|0x0000000719e00000, 0x000000071a000000, 0x000000071a000000|100%| E|CS|TAMS 0x0000000719e00000| PB 0x0000000719e00000| Complete 
| 127|0x000000071a000000, 0x000000071a200000, 0x000000071a200000|100%| E|CS|TAMS 0x000000071a000000| PB 0x000000071a000000| Complete 
| 128|0x000000071a200000, 0x000000071a400000, 0x000000071a400000|100%| E|CS|TAMS 0x000000071a200000| PB 0x000000071a200000| Complete 
| 129|0x000000071a400000, 0x000000071a600000, 0x000000071a600000|100%| E|CS|TAMS 0x000000071a400000| PB 0x000000071a400000| Complete 
| 130|0x000000071a600000, 0x000000071a800000, 0x000000071a800000|100%| E|CS|TAMS 0x000000071a600000| PB 0x000000071a600000| Complete 
| 131|0x000000071a800000, 0x000000071aa00000, 0x000000071aa00000|100%| E|CS|TAMS 0x000000071a800000| PB 0x000000071a800000| Complete 
| 132|0x000000071aa00000, 0x000000071ac00000, 0x000000071ac00000|100%| E|CS|TAMS 0x000000071aa00000| PB 0x000000071aa00000| Complete 
| 133|0x000000071ac00000, 0x000000071ae00000, 0x000000071ae00000|100%| E|CS|TAMS 0x000000071ac00000| PB 0x000000071ac00000| Complete 
| 134|0x000000071ae00000, 0x000000071b000000, 0x000000071b000000|100%| E|CS|TAMS 0x000000071ae00000| PB 0x000000071ae00000| Complete 
| 135|0x000000071b000000, 0x000000071b200000, 0x000000071b200000|100%| E|CS|TAMS 0x000000071b000000| PB 0x000000071b000000| Complete 
| 136|0x000000071b200000, 0x000000071b400000, 0x000000071b400000|100%| E|CS|TAMS 0x000000071b200000| PB 0x000000071b200000| Complete 
| 137|0x000000071b400000, 0x000000071b600000, 0x000000071b600000|100%| E|CS|TAMS 0x000000071b400000| PB 0x000000071b400000| Complete 
| 138|0x000000071b600000, 0x000000071b800000, 0x000000071b800000|100%| E|CS|TAMS 0x000000071b600000| PB 0x000000071b600000| Complete 
| 139|0x000000071b800000, 0x000000071ba00000, 0x000000071ba00000|100%| E|CS|TAMS 0x000000071b800000| PB 0x000000071b800000| Complete 
| 140|0x000000071ba00000, 0x000000071bc00000, 0x000000071bc00000|100%| E|CS|TAMS 0x000000071ba00000| PB 0x000000071ba00000| Complete 
| 141|0x000000071bc00000, 0x000000071be00000, 0x000000071be00000|100%| E|CS|TAMS 0x000000071bc00000| PB 0x000000071bc00000| Complete 
| 142|0x000000071be00000, 0x000000071c000000, 0x000000071c000000|100%| E|CS|TAMS 0x000000071be00000| PB 0x000000071be00000| Complete 
| 143|0x000000071c000000, 0x000000071c200000, 0x000000071c200000|100%| E|CS|TAMS 0x000000071c000000| PB 0x000000071c000000| Complete 
| 144|0x000000071c200000, 0x000000071c400000, 0x000000071c400000|100%| E|CS|TAMS 0x000000071c200000| PB 0x000000071c200000| Complete 
| 145|0x000000071c400000, 0x000000071c600000, 0x000000071c600000|100%| E|CS|TAMS 0x000000071c400000| PB 0x000000071c400000| Complete 
| 146|0x000000071c600000, 0x000000071c800000, 0x000000071c800000|100%| E|CS|TAMS 0x000000071c600000| PB 0x000000071c600000| Complete 
| 147|0x000000071c800000, 0x000000071ca00000, 0x000000071ca00000|100%| E|CS|TAMS 0x000000071c800000| PB 0x000000071c800000| Complete 
| 148|0x000000071ca00000, 0x000000071cc00000, 0x000000071cc00000|100%| E|CS|TAMS 0x000000071ca00000| PB 0x000000071ca00000| Complete 
| 149|0x000000071cc00000, 0x000000071ce00000, 0x000000071ce00000|100%| E|CS|TAMS 0x000000071cc00000| PB 0x000000071cc00000| Complete 
| 150|0x000000071ce00000, 0x000000071d000000, 0x000000071d000000|100%| E|CS|TAMS 0x000000071ce00000| PB 0x000000071ce00000| Complete 
| 151|0x000000071d000000, 0x000000071d200000, 0x000000071d200000|100%| E|CS|TAMS 0x000000071d000000| PB 0x000000071d000000| Complete 
| 152|0x000000071d200000, 0x000000071d400000, 0x000000071d400000|100%| E|CS|TAMS 0x000000071d200000| PB 0x000000071d200000| Complete 
| 153|0x000000071d400000, 0x000000071d600000, 0x000000071d600000|100%| E|CS|TAMS 0x000000071d400000| PB 0x000000071d400000| Complete 
| 154|0x000000071d600000, 0x000000071d800000, 0x000000071d800000|100%| E|CS|TAMS 0x000000071d600000| PB 0x000000071d600000| Complete 
| 155|0x000000071d800000, 0x000000071da00000, 0x000000071da00000|100%| E|CS|TAMS 0x000000071d800000| PB 0x000000071d800000| Complete 
| 156|0x000000071da00000, 0x000000071dc00000, 0x000000071dc00000|100%| E|CS|TAMS 0x000000071da00000| PB 0x000000071da00000| Complete 
| 157|0x000000071dc00000, 0x000000071de00000, 0x000000071de00000|100%| E|CS|TAMS 0x000000071dc00000| PB 0x000000071dc00000| Complete 
| 158|0x000000071de00000, 0x000000071e000000, 0x000000071e000000|100%| E|CS|TAMS 0x000000071de00000| PB 0x000000071de00000| Complete 
| 159|0x000000071e000000, 0x000000071e200000, 0x000000071e200000|100%| E|CS|TAMS 0x000000071e000000| PB 0x000000071e000000| Complete 
| 160|0x000000071e200000, 0x000000071e400000, 0x000000071e400000|100%| E|CS|TAMS 0x000000071e200000| PB 0x000000071e200000| Complete 
| 161|0x000000071e400000, 0x000000071e600000, 0x000000071e600000|100%| E|CS|TAMS 0x000000071e400000| PB 0x000000071e400000| Complete 
| 162|0x000000071e600000, 0x000000071e800000, 0x000000071e800000|100%| E|CS|TAMS 0x000000071e600000| PB 0x000000071e600000| Complete 
| 163|0x000000071e800000, 0x000000071ea00000, 0x000000071ea00000|100%| E|CS|TAMS 0x000000071e800000| PB 0x000000071e800000| Complete 
| 164|0x000000071ea00000, 0x000000071ec00000, 0x000000071ec00000|100%| E|CS|TAMS 0x000000071ea00000| PB 0x000000071ea00000| Complete 
| 165|0x000000071ec00000, 0x000000071ee00000, 0x000000071ee00000|100%| E|CS|TAMS 0x000000071ec00000| PB 0x000000071ec00000| Complete 
| 166|0x000000071ee00000, 0x000000071f000000, 0x000000071f000000|100%| E|CS|TAMS 0x000000071ee00000| PB 0x000000071ee00000| Complete 
| 167|0x000000071f000000, 0x000000071f200000, 0x000000071f200000|100%| E|CS|TAMS 0x000000071f000000| PB 0x000000071f000000| Complete 
| 168|0x000000071f200000, 0x000000071f400000, 0x000000071f400000|100%| E|CS|TAMS 0x000000071f200000| PB 0x000000071f200000| Complete 
| 169|0x000000071f400000, 0x000000071f600000, 0x000000071f600000|100%| E|CS|TAMS 0x000000071f400000| PB 0x000000071f400000| Complete 
| 170|0x000000071f600000, 0x000000071f800000, 0x000000071f800000|100%| E|CS|TAMS 0x000000071f600000| PB 0x000000071f600000| Complete 
| 171|0x000000071f800000, 0x000000071fa00000, 0x000000071fa00000|100%| E|CS|TAMS 0x000000071f800000| PB 0x000000071f800000| Complete 
| 172|0x000000071fa00000, 0x000000071fc00000, 0x000000071fc00000|100%| E|CS|TAMS 0x000000071fa00000| PB 0x000000071fa00000| Complete 
| 173|0x000000071fc00000, 0x000000071fe00000, 0x000000071fe00000|100%| E|CS|TAMS 0x000000071fc00000| PB 0x000000071fc00000| Complete 
| 174|0x000000071fe00000, 0x0000000720000000, 0x0000000720000000|100%| E|CS|TAMS 0x000000071fe00000| PB 0x000000071fe00000| Complete 
| 175|0x0000000720000000, 0x0000000720200000, 0x0000000720200000|100%| E|CS|TAMS 0x0000000720000000| PB 0x0000000720000000| Complete 
| 176|0x0000000720200000, 0x0000000720400000, 0x0000000720400000|100%| E|CS|TAMS 0x0000000720200000| PB 0x0000000720200000| Complete 
| 177|0x0000000720400000, 0x0000000720600000, 0x0000000720600000|100%| E|CS|TAMS 0x0000000720400000| PB 0x0000000720400000| Complete 
| 178|0x0000000720600000, 0x0000000720800000, 0x0000000720800000|100%| E|CS|TAMS 0x0000000720600000| PB 0x0000000720600000| Complete 
| 179|0x0000000720800000, 0x0000000720a00000, 0x0000000720a00000|100%| E|CS|TAMS 0x0000000720800000| PB 0x0000000720800000| Complete 
| 180|0x0000000720a00000, 0x0000000720c00000, 0x0000000720c00000|100%| E|CS|TAMS 0x0000000720a00000| PB 0x0000000720a00000| Complete 
| 181|0x0000000720c00000, 0x0000000720e00000, 0x0000000720e00000|100%| E|CS|TAMS 0x0000000720c00000| PB 0x0000000720c00000| Complete 
| 182|0x0000000720e00000, 0x0000000721000000, 0x0000000721000000|100%| E|CS|TAMS 0x0000000720e00000| PB 0x0000000720e00000| Complete 
| 183|0x0000000721000000, 0x0000000721200000, 0x0000000721200000|100%| E|CS|TAMS 0x0000000721000000| PB 0x0000000721000000| Complete 
| 184|0x0000000721200000, 0x0000000721400000, 0x0000000721400000|100%| E|CS|TAMS 0x0000000721200000| PB 0x0000000721200000| Complete 
| 185|0x0000000721400000, 0x0000000721600000, 0x0000000721600000|100%| E|CS|TAMS 0x0000000721400000| PB 0x0000000721400000| Complete 
| 186|0x0000000721600000, 0x0000000721800000, 0x0000000721800000|100%| E|CS|TAMS 0x0000000721600000| PB 0x0000000721600000| Complete 
| 187|0x0000000721800000, 0x0000000721a00000, 0x0000000721a00000|100%| E|CS|TAMS 0x0000000721800000| PB 0x0000000721800000| Complete 
| 188|0x0000000721a00000, 0x0000000721c00000, 0x0000000721c00000|100%| E|CS|TAMS 0x0000000721a00000| PB 0x0000000721a00000| Complete 
| 189|0x0000000721c00000, 0x0000000721e00000, 0x0000000721e00000|100%| E|CS|TAMS 0x0000000721c00000| PB 0x0000000721c00000| Complete 
| 190|0x0000000721e00000, 0x0000000722000000, 0x0000000722000000|100%| E|CS|TAMS 0x0000000721e00000| PB 0x0000000721e00000| Complete 
| 191|0x0000000722000000, 0x0000000722200000, 0x0000000722200000|100%| E|CS|TAMS 0x0000000722000000| PB 0x0000000722000000| Complete 
| 192|0x0000000722200000, 0x0000000722400000, 0x0000000722400000|100%| E|CS|TAMS 0x0000000722200000| PB 0x0000000722200000| Complete 
| 193|0x0000000722400000, 0x0000000722600000, 0x0000000722600000|100%| E|CS|TAMS 0x0000000722400000| PB 0x0000000722400000| Complete 
| 194|0x0000000722600000, 0x0000000722800000, 0x0000000722800000|100%| E|CS|TAMS 0x0000000722600000| PB 0x0000000722600000| Complete 
| 195|0x0000000722800000, 0x0000000722a00000, 0x0000000722a00000|100%| E|CS|TAMS 0x0000000722800000| PB 0x0000000722800000| Complete 
| 196|0x0000000722a00000, 0x0000000722c00000, 0x0000000722c00000|100%| E|CS|TAMS 0x0000000722a00000| PB 0x0000000722a00000| Complete 
| 197|0x0000000722c00000, 0x0000000722e00000, 0x0000000722e00000|100%| E|CS|TAMS 0x0000000722c00000| PB 0x0000000722c00000| Complete 
| 198|0x0000000722e00000, 0x0000000723000000, 0x0000000723000000|100%| E|CS|TAMS 0x0000000722e00000| PB 0x0000000722e00000| Complete 
| 199|0x0000000723000000, 0x0000000723200000, 0x0000000723200000|100%| E|CS|TAMS 0x0000000723000000| PB 0x0000000723000000| Complete 
| 200|0x0000000723200000, 0x0000000723400000, 0x0000000723400000|100%| E|CS|TAMS 0x0000000723200000| PB 0x0000000723200000| Complete 
| 201|0x0000000723400000, 0x0000000723600000, 0x0000000723600000|100%| E|CS|TAMS 0x0000000723400000| PB 0x0000000723400000| Complete 
| 202|0x0000000723600000, 0x0000000723800000, 0x0000000723800000|100%| E|CS|TAMS 0x0000000723600000| PB 0x0000000723600000| Complete 
| 203|0x0000000723800000, 0x0000000723a00000, 0x0000000723a00000|100%| E|CS|TAMS 0x0000000723800000| PB 0x0000000723800000| Complete 
| 204|0x0000000723a00000, 0x0000000723c00000, 0x0000000723c00000|100%| E|CS|TAMS 0x0000000723a00000| PB 0x0000000723a00000| Complete 
| 205|0x0000000723c00000, 0x0000000723e00000, 0x0000000723e00000|100%| E|CS|TAMS 0x0000000723c00000| PB 0x0000000723c00000| Complete 
| 206|0x0000000723e00000, 0x0000000724000000, 0x0000000724000000|100%| E|CS|TAMS 0x0000000723e00000| PB 0x0000000723e00000| Complete 
| 207|0x0000000724000000, 0x0000000724200000, 0x0000000724200000|100%| E|CS|TAMS 0x0000000724000000| PB 0x0000000724000000| Complete 
| 208|0x0000000724200000, 0x0000000724400000, 0x0000000724400000|100%| E|CS|TAMS 0x0000000724200000| PB 0x0000000724200000| Complete 
| 209|0x0000000724400000, 0x0000000724600000, 0x0000000724600000|100%| E|CS|TAMS 0x0000000724400000| PB 0x0000000724400000| Complete 
| 210|0x0000000724600000, 0x0000000724800000, 0x0000000724800000|100%| E|CS|TAMS 0x0000000724600000| PB 0x0000000724600000| Complete 
| 211|0x0000000724800000, 0x0000000724a00000, 0x0000000724a00000|100%| E|CS|TAMS 0x0000000724800000| PB 0x0000000724800000| Complete 
| 212|0x0000000724a00000, 0x0000000724c00000, 0x0000000724c00000|100%| E|CS|TAMS 0x0000000724a00000| PB 0x0000000724a00000| Complete 
| 213|0x0000000724c00000, 0x0000000724e00000, 0x0000000724e00000|100%| E|CS|TAMS 0x0000000724c00000| PB 0x0000000724c00000| Complete 
| 214|0x0000000724e00000, 0x0000000725000000, 0x0000000725000000|100%| E|CS|TAMS 0x0000000724e00000| PB 0x0000000724e00000| Complete 
| 215|0x0000000725000000, 0x0000000725200000, 0x0000000725200000|100%| E|CS|TAMS 0x0000000725000000| PB 0x0000000725000000| Complete 
| 216|0x0000000725200000, 0x0000000725400000, 0x0000000725400000|100%| E|CS|TAMS 0x0000000725200000| PB 0x0000000725200000| Complete 
| 217|0x0000000725400000, 0x0000000725600000, 0x0000000725600000|100%| E|CS|TAMS 0x0000000725400000| PB 0x0000000725400000| Complete 
| 218|0x0000000725600000, 0x0000000725800000, 0x0000000725800000|100%| E|CS|TAMS 0x0000000725600000| PB 0x0000000725600000| Complete 
| 219|0x0000000725800000, 0x0000000725a00000, 0x0000000725a00000|100%| E|CS|TAMS 0x0000000725800000| PB 0x0000000725800000| Complete 
| 220|0x0000000725a00000, 0x0000000725c00000, 0x0000000725c00000|100%| E|CS|TAMS 0x0000000725a00000| PB 0x0000000725a00000| Complete 
| 221|0x0000000725c00000, 0x0000000725e00000, 0x0000000725e00000|100%| E|CS|TAMS 0x0000000725c00000| PB 0x0000000725c00000| Complete 
| 222|0x0000000725e00000, 0x0000000726000000, 0x0000000726000000|100%| E|CS|TAMS 0x0000000725e00000| PB 0x0000000725e00000| Complete 
| 223|0x0000000726000000, 0x0000000726200000, 0x0000000726200000|100%| E|CS|TAMS 0x0000000726000000| PB 0x0000000726000000| Complete 
| 224|0x0000000726200000, 0x0000000726400000, 0x0000000726400000|100%| E|CS|TAMS 0x0000000726200000| PB 0x0000000726200000| Complete 
| 225|0x0000000726400000, 0x0000000726600000, 0x0000000726600000|100%| E|CS|TAMS 0x0000000726400000| PB 0x0000000726400000| Complete 
| 226|0x0000000726600000, 0x0000000726800000, 0x0000000726800000|100%| E|CS|TAMS 0x0000000726600000| PB 0x0000000726600000| Complete 
| 227|0x0000000726800000, 0x0000000726a00000, 0x0000000726a00000|100%| E|CS|TAMS 0x0000000726800000| PB 0x0000000726800000| Complete 
| 228|0x0000000726a00000, 0x0000000726c00000, 0x0000000726c00000|100%| E|CS|TAMS 0x0000000726a00000| PB 0x0000000726a00000| Complete 
| 229|0x0000000726c00000, 0x0000000726e00000, 0x0000000726e00000|100%| E|CS|TAMS 0x0000000726c00000| PB 0x0000000726c00000| Complete 
| 230|0x0000000726e00000, 0x0000000727000000, 0x0000000727000000|100%| E|CS|TAMS 0x0000000726e00000| PB 0x0000000726e00000| Complete 
| 231|0x0000000727000000, 0x0000000727200000, 0x0000000727200000|100%| E|CS|TAMS 0x0000000727000000| PB 0x0000000727000000| Complete 
| 232|0x0000000727200000, 0x0000000727400000, 0x0000000727400000|100%| E|CS|TAMS 0x0000000727200000| PB 0x0000000727200000| Complete 
| 233|0x0000000727400000, 0x0000000727600000, 0x0000000727600000|100%| E|CS|TAMS 0x0000000727400000| PB 0x0000000727400000| Complete 
|1963|0x00000007ff800000, 0x00000007ffa00000, 0x00000007ffa00000|100%| E|CS|TAMS 0x00000007ff800000| PB 0x00000007ff800000| Complete 
|1964|0x00000007ffa00000, 0x00000007ffc00000, 0x00000007ffc00000|100%| E|CS|TAMS 0x00000007ffa00000| PB 0x00000007ffa00000| Complete 
|1965|0x00000007ffc00000, 0x00000007ffe00000, 0x00000007ffe00000|100%| E|CS|TAMS 0x00000007ffc00000| PB 0x00000007ffc00000| Complete 
|1966|0x00000007ffe00000, 0x0000000800000000, 0x0000000800000000|100%| E|CS|TAMS 0x00000007ffe00000| PB 0x00000007ffe00000| Complete 

Card table byte_map: [0x0000023c60ba0000,0x0000023c61350000] _byte_map_base: 0x0000023c5d34f000

Marking Bits: (CMBitMap*) 0x0000023c47904370
 Bits: [0x0000023c61350000, 0x0000023c650c8000)

Polling page: 0x0000023c45800000

Metaspace:

Usage:
  Non-class:     80.41 MB used.
      Class:      9.85 MB used.
       Both:     90.25 MB used.

Virtual space:
  Non-class space:      128.00 MB reserved,      81.12 MB ( 63%) committed,  2 nodes.
      Class space:        1.00 GB reserved,      10.44 MB (  1%) committed,  1 nodes.
             Both:        1.12 GB reserved,      91.56 MB (  8%) committed. 

Chunk freelists:
   Non-Class:  14.61 MB
       Class:  5.55 MB
        Both:  20.16 MB

MaxMetaspaceSize: unlimited
CompressedClassSpaceSize: 1.00 GB
Initial GC threshold: 21.00 MB
Current GC threshold: 152.62 MB
CDS: off
 - commit_granule_bytes: 65536.
 - commit_granule_words: 8192.
 - virtual_space_node_default_size: 8388608.
 - enlarge_chunks_in_place: 1.
 - use_allocation_guard: 0.


Internal statistics:

num_allocs_failed_limit: 6.
num_arena_births: 1182.
num_arena_deaths: 4.
num_vsnodes_births: 3.
num_vsnodes_deaths: 0.
num_space_committed: 1465.
num_space_uncommitted: 0.
num_chunks_returned_to_freelist: 18.
num_chunks_taken_from_freelist: 3661.
num_chunk_merges: 2.
num_chunk_splits: 2390.
num_chunks_enlarged: 1516.
num_inconsistent_stats: 0.

CodeHeap 'non-profiled nmethods': size=119168Kb used=7659Kb max_used=12919Kb free=111508Kb
 bounds [0x0000023c58710000, 0x0000023c593b0000, 0x0000023c5fb70000]
CodeHeap 'profiled nmethods': size=119104Kb used=12234Kb max_used=26184Kb free=106869Kb
 bounds [0x0000023c50b70000, 0x0000023c52510000, 0x0000023c57fc0000]
CodeHeap 'non-nmethods': size=7488Kb used=1960Kb max_used=3704Kb free=5527Kb
 bounds [0x0000023c57fc0000, 0x0000023c58370000, 0x0000023c58710000]
CodeCache: size=245760Kb, used=21853Kb, max_used=42807Kb, free=223904Kb
 total_blobs=7085, nmethods=6004, adapters=983, full_count=0
Compilation: enabled, stopped_count=0, restarted_count=0

Compilation events (20 events):
Event: 2625.496 Thread 0x0000023c681a85e0 nmethod 18574 0x0000023c51546f90 code [0x0000023c51547160, 0x0000023c51547440]
Event: 2632.513 Thread 0x0000023c681a7b40 18575   !   4       sun.security.ssl.SSLSocketInputRecord::decodeInputRecord (949 bytes)
Event: 2632.518 Thread 0x0000023c681a85e0 18576       1       java.nio.Buffer::capacity (5 bytes)
Event: 2632.518 Thread 0x0000023c681a85e0 nmethod 18576 0x0000023c587cfb90 code [0x0000023c587cfd20, 0x0000023c587cfde8]
Event: 2632.572 Thread 0x0000023c681a7b40 nmethod 18575 0x0000023c589cb690 code [0x0000023c589cbaa0, 0x0000023c589ce620]
Event: 2635.470 Thread 0x0000023c681a7b40 18577       4       org.apache.http.protocol.ChainBuilder::<init> (27 bytes)
Event: 2635.472 Thread 0x0000023c681a7b40 nmethod 18577 0x0000023c58741d10 code [0x0000023c58741ea0, 0x0000023c587421e0]
Event: 2639.470 Thread 0x0000023c681a7b40 18578       4       sun.security.util.math.intpoly.IntegerPolynomial$Element::multiply (130 bytes)
Event: 2639.472 Thread 0x0000023c681a7b40 nmethod 18578 0x0000023c588edb90 code [0x0000023c588edd60, 0x0000023c588ee0b0]
Event: 2640.462 Thread 0x0000023c681a85e0 18579   !   3       sun.nio.ch.NioSocketImpl::setOption (538 bytes)
Event: 2640.465 Thread 0x0000023c681a85e0 nmethod 18579 0x0000023c51d97890 code [0x0000023c51d97e20, 0x0000023c51d9a7b0]
Event: 2655.472 Thread 0x0000023c681a7b40 18580       4       java.net.InetSocketAddress::<init> (32 bytes)
Event: 2655.474 Thread 0x0000023c681a7b40 nmethod 18580 0x0000023c58b60f10 code [0x0000023c58b610a0, 0x0000023c58b61360]
Event: 2657.466 Thread 0x0000023c681a7b40 18581       4       java.util.ImmutableCollections::listCopy (54 bytes)
Event: 2657.471 Thread 0x0000023c681a7b40 nmethod 18581 0x0000023c5871b490 code [0x0000023c5871b6a0, 0x0000023c5871bda8]
Event: 2657.512 Thread 0x0000023c681a7b40 18582       4       java.util.concurrent.ConcurrentLinkedQueue::add (6 bytes)
Event: 2657.517 Thread 0x0000023c681a7b40 nmethod 18582 0x0000023c58ac9290 code [0x0000023c58ac9440, 0x0000023c58ac9888]
Event: 2658.472 Thread 0x0000023c681a7b40 18583   !   4       java.net.URI$Parser::parseAuthority (332 bytes)
Event: 2658.514 Thread 0x0000023c681a7b40 nmethod 18583 0x0000023c58961190 code [0x0000023c58961420, 0x0000023c589632e0]
Event: 2661.497 Thread 0x0000023c681a7b40 18584   !   4       sun.security.ssl.SSLCipher$T13GcmWriteCipherGenerator$GcmWriteCipher::encrypt (329 bytes)

GC Heap History (20 events):
Event: 95.106 GC heap before
{Heap before GC invocations=95 (full 0):
 garbage-first heap   total 487424K, used 453474K [0x000000070a200000, 0x0000000800000000)
  region size 2048K, 142 young (290816K), 1 survivors (2048K)
 Metaspace       used 91123K, committed 92480K, reserved 1179648K
  class space    used 10076K, committed 10688K, reserved 1048576K
}
Event: 95.108 GC heap after
{Heap after GC invocations=96 (full 0):
 garbage-first heap   total 487424K, used 164725K [0x000000070a200000, 0x0000000800000000)
  region size 2048K, 1 young (2048K), 1 survivors (2048K)
 Metaspace       used 91123K, committed 92480K, reserved 1179648K
  class space    used 10076K, committed 10688K, reserved 1048576K
}
Event: 95.364 GC heap before
{Heap before GC invocations=97 (full 0):
 garbage-first heap   total 487424K, used 453493K [0x000000070a200000, 0x0000000800000000)
  region size 2048K, 142 young (290816K), 1 survivors (2048K)
 Metaspace       used 91123K, committed 92480K, reserved 1179648K
  class space    used 10076K, committed 10688K, reserved 1048576K
}
Event: 95.365 GC heap after
{Heap after GC invocations=98 (full 0):
 garbage-first heap   total 487424K, used 164724K [0x000000070a200000, 0x0000000800000000)
  region size 2048K, 1 young (2048K), 1 survivors (2048K)
 Metaspace       used 91123K, committed 92480K, reserved 1179648K
  class space    used 10076K, committed 10688K, reserved 1048576K
}
Event: 95.583 GC heap before
{Heap before GC invocations=98 (full 0):
 garbage-first heap   total 487424K, used 453492K [0x000000070a200000, 0x0000000800000000)
  region size 2048K, 142 young (290816K), 1 survivors (2048K)
 Metaspace       used 91132K, committed 92544K, reserved 1179648K
  class space    used 10076K, committed 10688K, reserved 1048576K
}
Event: 95.586 GC heap after
{Heap after GC invocations=99 (full 0):
 garbage-first heap   total 487424K, used 164498K [0x000000070a200000, 0x0000000800000000)
  region size 2048K, 1 young (2048K), 1 survivors (2048K)
 Metaspace       used 91132K, committed 92544K, reserved 1179648K
  class space    used 10076K, committed 10688K, reserved 1048576K
}
Event: 95.793 GC heap before
{Heap before GC invocations=99 (full 0):
 garbage-first heap   total 487424K, used 453266K [0x000000070a200000, 0x0000000800000000)
  region size 2048K, 142 young (290816K), 1 survivors (2048K)
 Metaspace       used 91132K, committed 92544K, reserved 1179648K
  class space    used 10076K, committed 10688K, reserved 1048576K
}
Event: 95.794 GC heap after
{Heap after GC invocations=100 (full 0):
 garbage-first heap   total 487424K, used 164477K [0x000000070a200000, 0x0000000800000000)
  region size 2048K, 1 young (2048K), 1 survivors (2048K)
 Metaspace       used 91132K, committed 92544K, reserved 1179648K
  class space    used 10076K, committed 10688K, reserved 1048576K
}
Event: 96.152 GC heap before
{Heap before GC invocations=101 (full 0):
 garbage-first heap   total 487424K, used 453245K [0x000000070a200000, 0x0000000800000000)
  region size 2048K, 142 young (290816K), 1 survivors (2048K)
 Metaspace       used 91132K, committed 92544K, reserved 1179648K
  class space    used 10076K, committed 10688K, reserved 1048576K
}
Event: 96.153 GC heap after
{Heap after GC invocations=102 (full 0):
 garbage-first heap   total 487424K, used 164493K [0x000000070a200000, 0x0000000800000000)
  region size 2048K, 1 young (2048K), 1 survivors (2048K)
 Metaspace       used 91132K, committed 92544K, reserved 1179648K
  class space    used 10076K, committed 10688K, reserved 1048576K
}
Event: 96.450 GC heap before
{Heap before GC invocations=102 (full 0):
 garbage-first heap   total 487424K, used 453261K [0x000000070a200000, 0x0000000800000000)
  region size 2048K, 142 young (290816K), 1 survivors (2048K)
 Metaspace       used 91132K, committed 92544K, reserved 1179648K
  class space    used 10076K, committed 10688K, reserved 1048576K
}
Event: 96.453 GC heap after
{Heap after GC invocations=103 (full 0):
 garbage-first heap   total 487424K, used 164245K [0x000000070a200000, 0x0000000800000000)
  region size 2048K, 1 young (2048K), 1 survivors (2048K)
 Metaspace       used 91132K, committed 92544K, reserved 1179648K
  class space    used 10076K, committed 10688K, reserved 1048576K
}
Event: 455.504 GC heap before
{Heap before GC invocations=103 (full 0):
 garbage-first heap   total 487424K, used 450965K [0x000000070a200000, 0x0000000800000000)
  region size 2048K, 142 young (290816K), 1 survivors (2048K)
 Metaspace       used 92124K, committed 93440K, reserved 1179648K
  class space    used 10081K, committed 10688K, reserved 1048576K
}
Event: 455.510 GC heap after
{Heap after GC invocations=104 (full 0):
 garbage-first heap   total 487424K, used 173073K [0x000000070a200000, 0x0000000800000000)
  region size 2048K, 5 young (10240K), 5 survivors (10240K)
 Metaspace       used 92124K, committed 93440K, reserved 1179648K
  class space    used 10081K, committed 10688K, reserved 1048576K
}
Event: 1298.511 GC heap before
{Heap before GC invocations=105 (full 0):
 garbage-first heap   total 487424K, used 453649K [0x000000070a200000, 0x0000000800000000)
  region size 2048K, 142 young (290816K), 5 survivors (10240K)
 Metaspace       used 92409K, committed 93696K, reserved 1179648K
  class space    used 10081K, committed 10688K, reserved 1048576K
}
Event: 1298.552 GC heap after
{Heap after GC invocations=106 (full 0):
 garbage-first heap   total 487424K, used 185420K [0x000000070a200000, 0x0000000800000000)
  region size 2048K, 11 young (22528K), 11 survivors (22528K)
 Metaspace       used 92409K, committed 93696K, reserved 1179648K
  class space    used 10081K, committed 10688K, reserved 1048576K
}
Event: 1864.355 GC heap before
{Heap before GC invocations=106 (full 0):
 garbage-first heap   total 487424K, used 453708K [0x000000070a200000, 0x0000000800000000)
  region size 2048K, 142 young (290816K), 11 survivors (22528K)
 Metaspace       used 92414K, committed 93760K, reserved 1179648K
  class space    used 10081K, committed 10688K, reserved 1048576K
}
Event: 1864.364 GC heap after
{Heap after GC invocations=107 (full 0):
 garbage-first heap   total 487424K, used 179128K [0x000000070a200000, 0x0000000800000000)
  region size 2048K, 8 young (16384K), 8 survivors (16384K)
 Metaspace       used 92414K, committed 93760K, reserved 1179648K
  class space    used 10081K, committed 10688K, reserved 1048576K
}
Event: 1864.880 GC heap before
{Heap before GC invocations=108 (full 0):
 garbage-first heap   total 487424K, used 453560K [0x000000070a200000, 0x0000000800000000)
  region size 2048K, 142 young (290816K), 8 survivors (16384K)
 Metaspace       used 92414K, committed 93760K, reserved 1179648K
  class space    used 10081K, committed 10688K, reserved 1048576K
}
Event: 1864.881 GC heap after
{Heap after GC invocations=109 (full 0):
 garbage-first heap   total 487424K, used 167044K [0x000000070a200000, 0x0000000800000000)
  region size 2048K, 2 young (4096K), 2 survivors (4096K)
 Metaspace       used 92414K, committed 93760K, reserved 1179648K
  class space    used 10081K, committed 10688K, reserved 1048576K
}

Dll operation events (17 events):
Event: 0.014 Loaded shared library C:\Users\zheng\AppData\Local\Programs\STM32CubeMX\jre\bin\java.dll
Event: 0.084 Loaded shared library C:\Users\zheng\AppData\Local\Programs\STM32CubeMX\jre\bin\jsvml.dll
Event: 0.205 Loaded shared library C:\Users\zheng\AppData\Local\Programs\STM32CubeMX\jre\bin\net.dll
Event: 0.249 Loaded shared library C:\Users\zheng\AppData\Local\Programs\STM32CubeMX\jre\bin\nio.dll
Event: 0.337 Loaded shared library C:\Users\zheng\AppData\Local\Programs\STM32CubeMX\jre\bin\zip.dll
Event: 0.377 Loaded shared library C:\Users\zheng\AppData\Local\Programs\STM32CubeMX\jre\bin\jimage.dll
Event: 0.611 Loaded shared library C:\Users\zheng\AppData\Local\Programs\STM32CubeMX\jre\bin\management.dll
Event: 0.677 Loaded shared library C:\Users\zheng\AppData\Local\Programs\STM32CubeMX\jre\bin\management_ext.dll
Event: 1.544 Loaded shared library C:\Users\zheng\AppData\Local\Programs\STM32CubeMX\jre\bin\awt.dll
Event: 2.103 Loaded shared library C:\Users\zheng\AppData\Local\Programs\STM32CubeMX\jre\bin\freetype.dll
Event: 2.143 Loaded shared library C:\Users\zheng\AppData\Local\Programs\STM32CubeMX\jre\bin\fontmanager.dll
Event: 2.477 Loaded shared library C:\Users\zheng\AppData\Local\Programs\STM32CubeMX\jre\bin\verify.dll
Event: 2.663 Loaded shared library C:\Users\zheng\AppData\Local\Programs\STM32CubeMX\jre\bin\prefs.dll
Event: 3.018 Loaded shared library C:\Users\zheng\AppData\Local\Temp\jna-115868400\jna7583394141472366769.dll
Event: 9.442 Loaded shared library C:\Users\zheng\AppData\Local\Programs\STM32CubeMX\jre\bin\sunmscapi.dll
Event: 9.895 Loaded shared library C:\Users\zheng\AppData\Local\Programs\STM32CubeMX\jre\bin\extnet.dll
Event: 20.760 Loaded shared library C:\Users\zheng\AppData\Local\Temp\sqlite-3.49.1.0-2156faee-635c-43bc-98f2-d6840147b84f-sqlitejdbc.dll

Deoptimization events (20 events):
Event: 2620.482 Thread 0x0000023c7068d380 Uncommon trap: trap_request=0xffffff45 fr.pc=0x0000023c58e9d428 relative=0x0000000000000e28
Event: 2620.482 Thread 0x0000023c7068d380 Uncommon trap: reason=unstable_if action=reinterpret pc=0x0000023c58e9d428 method=sun.nio.ch.NioSocketImpl.timedRead(Ljava/io/FileDescriptor;[BIIJ)I @ 45 c2
Event: 2620.482 Thread 0x0000023c7068d380 DEOPT PACKING pc=0x0000023c58e9d428 sp=0x0000004fcb4fd8f0
Event: 2620.482 Thread 0x0000023c7068d380 DEOPT UNPACKING pc=0x0000023c58014422 sp=0x0000004fcb4fd5f0 mode 2
Event: 2620.491 Thread 0x0000023c7068d380 Uncommon trap: trap_request=0xffffff45 fr.pc=0x0000023c592f4760 relative=0x0000000000000420
Event: 2620.491 Thread 0x0000023c7068d380 Uncommon trap: reason=unstable_if action=reinterpret pc=0x0000023c592f4760 method=sun.nio.ch.NioSocketImpl.setOption(ILjava/lang/Object;)V @ 12 c2
Event: 2620.491 Thread 0x0000023c7068d380 DEOPT PACKING pc=0x0000023c592f4760 sp=0x0000004fcb4fdef0
Event: 2620.491 Thread 0x0000023c7068d380 DEOPT UNPACKING pc=0x0000023c58014422 sp=0x0000004fcb4fdea0 mode 2
Event: 2620.491 Thread 0x0000023c7068d380 Uncommon trap: trap_request=0xffffff45 fr.pc=0x0000023c58b084d4 relative=0x00000000000005d4
Event: 2620.491 Thread 0x0000023c7068d380 Uncommon trap: reason=unstable_if action=reinterpret pc=0x0000023c58b084d4 method=sun.nio.ch.Net.setSocketOption(Ljava/io/FileDescriptor;Ljava/net/ProtocolFamily;Ljava/net/SocketOption;Ljava/lang/Object;)V @ 63 c2
Event: 2620.491 Thread 0x0000023c7068d380 DEOPT PACKING pc=0x0000023c58b084d4 sp=0x0000004fcb4fdde0
Event: 2620.491 Thread 0x0000023c7068d380 DEOPT UNPACKING pc=0x0000023c58014422 sp=0x0000004fcb4fdd80 mode 2
Event: 2620.492 Thread 0x0000023c7068d380 Uncommon trap: trap_request=0xffffffde fr.pc=0x0000023c589a65ac relative=0x000000000000008c
Event: 2620.492 Thread 0x0000023c7068d380 Uncommon trap: reason=class_check action=maybe_recompile pc=0x0000023c589a65ac method=java.lang.Boolean.equals(Ljava/lang/Object;)Z @ 1 c2
Event: 2620.492 Thread 0x0000023c7068d380 DEOPT PACKING pc=0x0000023c589a65ac sp=0x0000004fcb4febf0
Event: 2620.492 Thread 0x0000023c7068d380 DEOPT UNPACKING pc=0x0000023c58014422 sp=0x0000004fcb4feb80 mode 2
Event: 2620.492 Thread 0x0000023c7068d380 Uncommon trap: trap_request=0xffffffde fr.pc=0x0000023c589a65ac relative=0x000000000000008c
Event: 2620.492 Thread 0x0000023c7068d380 Uncommon trap: reason=class_check action=maybe_recompile pc=0x0000023c589a65ac method=java.lang.Boolean.equals(Ljava/lang/Object;)Z @ 1 c2
Event: 2620.492 Thread 0x0000023c7068d380 DEOPT PACKING pc=0x0000023c589a65ac sp=0x0000004fcb4feb70
Event: 2620.492 Thread 0x0000023c7068d380 DEOPT UNPACKING pc=0x0000023c58014422 sp=0x0000004fcb4feb00 mode 2

Classes loaded (20 events):
Event: 83.503 Loading class javax/swing/plaf/basic/BasicTreeUI$MouseInputHandler
Event: 83.503 Loading class javax/swing/plaf/basic/BasicTreeUI$MouseInputHandler done
Event: 83.504 Loading class javax/swing/event/MenuDragMouseEvent
Event: 83.504 Loading class javax/swing/event/MenuDragMouseEvent done
Event: 83.715 Loading class javax/swing/event/TreeModelEvent
Event: 83.715 Loading class javax/swing/event/TreeModelEvent done
Event: 84.777 Loading class javax/swing/text/html/ListView
Event: 84.777 Loading class javax/swing/text/html/ListView done
Event: 84.779 Loading class javax/swing/text/html/StyleSheet$ListPainter
Event: 84.780 Loading class javax/swing/text/html/StyleSheet$ListPainter done
Event: 87.353 Loading class javax/swing/text/html/ImageView$ImageHandler
Event: 87.353 Loading class javax/swing/text/html/ImageView$ImageHandler done
Event: 93.201 Loading class javax/swing/JList$3
Event: 93.202 Loading class javax/swing/JList$3 done
Event: 93.205 Loading class javax/swing/JList$5
Event: 93.206 Loading class javax/swing/JList$5 done
Event: 93.230 Loading class java/awt/geom/Path2D$Float$CopyIterator
Event: 93.230 Loading class java/awt/geom/Path2D$Float$CopyIterator done
Event: 2620.484 Loading class javax/crypto/AEADBadTagException
Event: 2620.489 Loading class javax/crypto/AEADBadTagException done

Classes unloaded (10 events):
Event: 89.605 Thread 0x0000023c680ac420 Unloading class 0x0000000800a417f8 'com/st/stm32cube/ide/common/services/mx/jar/core/mx/plugin/PlugInInstaller$PlugInRoot'
Event: 89.605 Thread 0x0000023c680ac420 Unloading class 0x0000000800a415b8 'com/st/stm32cube/ide/common/services/mx/jar/core/mx/plugin/PlugInInstaller'
Event: 89.605 Thread 0x0000023c680ac420 Unloading class 0x0000000800a412d8 'com/st/stm32cube/ide/common/services/mx/jar/core/mx/plugin/PlugIn'
Event: 89.605 Thread 0x0000023c680ac420 Unloading class 0x0000000800a41000 'com/st/stm32cube/ide/common/services/mx/jar/core/mx/plugin/PlugInAbstract'
Event: 89.605 Thread 0x0000023c680ac420 Unloading class 0x0000000800a40c00 'com/st/stm32cube/ide/common/services/mx/jar/core/mx/plugin/PlugInInterface'
Event: 89.605 Thread 0x0000023c680ac420 Unloading class 0x00000008009f47f8 'com/st/stm32cube/ide/common/services/mx/jar/core/mx/plugin/PlugInInstaller$PlugInRoot'
Event: 89.605 Thread 0x0000023c680ac420 Unloading class 0x00000008009f45b8 'com/st/stm32cube/ide/common/services/mx/jar/core/mx/plugin/PlugInInstaller'
Event: 89.605 Thread 0x0000023c680ac420 Unloading class 0x00000008009f42d8 'com/st/stm32cube/ide/common/services/mx/jar/core/mx/plugin/PlugIn'
Event: 89.605 Thread 0x0000023c680ac420 Unloading class 0x00000008009f4000 'com/st/stm32cube/ide/common/services/mx/jar/core/mx/plugin/PlugInAbstract'
Event: 89.605 Thread 0x0000023c680ac420 Unloading class 0x00000008009efc00 'com/st/stm32cube/ide/common/services/mx/jar/core/mx/plugin/PlugInInterface'

Classes redefined (0 events):
No events

Internal exceptions (20 events):
Event: 123.498 Thread 0x0000023c7068d380 Exception <a 'java/lang/NullPointerException'{0x000000071ead8080}> (0x000000071ead8080) 
thrown [s\src\hotspot\share\runtime\sharedRuntime.cpp, line 625]
Event: 123.498 Thread 0x0000023c7068d380 Implicit null exception at 0x0000023c518361d4 to 0x0000023c51836d9c
Event: 123.498 Thread 0x0000023c7068d380 Exception <a 'java/lang/NullPointerException'{0x000000071eada5f0}> (0x000000071eada5f0) 
thrown [s\src\hotspot\share\runtime\sharedRuntime.cpp, line 625]
Event: 124.494 Thread 0x0000023c7068d380 Implicit null exception at 0x0000023c518361d4 to 0x0000023c51836d9c
Event: 124.494 Thread 0x0000023c7068d380 Exception <a 'java/lang/NullPointerException'{0x000000071eb355d8}> (0x000000071eb355d8) 
thrown [s\src\hotspot\share\runtime\sharedRuntime.cpp, line 625]
Event: 124.494 Thread 0x0000023c7068d380 Implicit null exception at 0x0000023c518361d4 to 0x0000023c51836d9c
Event: 124.494 Thread 0x0000023c7068d380 Exception <a 'java/lang/NullPointerException'{0x000000071eb368b0}> (0x000000071eb368b0) 
thrown [s\src\hotspot\share\runtime\sharedRuntime.cpp, line 625]
Event: 125.505 Thread 0x0000023c7068d380 Implicit null exception at 0x0000023c518361d4 to 0x0000023c51836d9c
Event: 125.505 Thread 0x0000023c7068d380 Exception <a 'java/lang/NullPointerException'{0x000000071eb91cb8}> (0x000000071eb91cb8) 
thrown [s\src\hotspot\share\runtime\sharedRuntime.cpp, line 625]
Event: 126.501 Thread 0x0000023c7068d380 Implicit null exception at 0x0000023c518361d4 to 0x0000023c51836d9c
Event: 126.501 Thread 0x0000023c7068d380 Exception <a 'java/lang/NullPointerException'{0x000000071ebec3f0}> (0x000000071ebec3f0) 
thrown [s\src\hotspot\share\runtime\sharedRuntime.cpp, line 625]
Event: 126.501 Thread 0x0000023c7068d380 Implicit null exception at 0x0000023c518361d4 to 0x0000023c51836d9c
Event: 126.501 Thread 0x0000023c7068d380 Exception <a 'java/lang/NullPointerException'{0x000000071ebeef20}> (0x000000071ebeef20) 
thrown [s\src\hotspot\share\runtime\sharedRuntime.cpp, line 625]
Event: 130.494 Thread 0x0000023c7068d380 Implicit null exception at 0x0000023c518361d4 to 0x0000023c51836d9c
Event: 130.495 Thread 0x0000023c7068d380 Exception <a 'java/lang/NullPointerException'{0x000000071e953c78}> (0x000000071e953c78) 
thrown [s\src\hotspot\share\runtime\sharedRuntime.cpp, line 625]
Event: 130.495 Thread 0x0000023c7068d380 Implicit null exception at 0x0000023c518361d4 to 0x0000023c51836d9c
Event: 130.495 Thread 0x0000023c7068d380 Exception <a 'java/lang/NullPointerException'{0x000000071e954598}> (0x000000071e954598) 
thrown [s\src\hotspot\share\runtime\sharedRuntime.cpp, line 625]
Event: 130.495 Thread 0x0000023c7068d380 Implicit null exception at 0x0000023c518361d4 to 0x0000023c51836d9c
Event: 130.495 Thread 0x0000023c7068d380 Exception <a 'java/lang/NullPointerException'{0x000000071e954db8}> (0x000000071e954db8) 
thrown [s\src\hotspot\share\runtime\sharedRuntime.cpp, line 625]
Event: 1864.063 Thread 0x0000023c6d2b1040 Implicit null exception at 0x0000023c5877b39b to 0x0000023c5877cae8

ZGC Phase Switch (0 events):
No events

VM Operations (20 events):
Event: 2144.691 Executing safepoint VM operation: Cleanup
Event: 2144.691 Executing safepoint VM operation: Cleanup done
Event: 2232.420 Executing safepoint VM operation: Cleanup
Event: 2232.420 Executing safepoint VM operation: Cleanup done
Event: 2253.569 Executing safepoint VM operation: Cleanup
Event: 2253.569 Executing safepoint VM operation: Cleanup done
Event: 2395.630 Executing safepoint VM operation: Cleanup
Event: 2395.630 Executing safepoint VM operation: Cleanup done
Event: 2565.006 Executing safepoint VM operation: Cleanup
Event: 2565.007 Executing safepoint VM operation: Cleanup done
Event: 2620.490 Executing non-safepoint VM operation: HandshakeAllThreads (Deoptimize)
Event: 2620.490 Executing non-safepoint VM operation: HandshakeAllThreads (Deoptimize) done
Event: 2621.503 Executing safepoint VM operation: Cleanup
Event: 2621.503 Executing safepoint VM operation: Cleanup done
Event: 2646.081 Executing non-safepoint VM operation: HandshakeAllThreads (HandshakeForDeflation)
Event: 2646.081 Executing non-safepoint VM operation: HandshakeAllThreads (HandshakeForDeflation) done
Event: 2646.081 Executing non-safepoint VM operation: RendezvousGCThreads
Event: 2646.081 Executing non-safepoint VM operation: RendezvousGCThreads done
Event: 2659.216 Executing safepoint VM operation: Cleanup
Event: 2659.216 Executing safepoint VM operation: Cleanup done

Memory protections (0 events):
No events

Nmethod flushes (20 events):
Event: 1864.475 Thread 0x0000023c680ac420 flushing  nmethod 0x0000023c52341910
Event: 1864.475 Thread 0x0000023c680ac420 flushing  nmethod 0x0000023c52342690
Event: 1864.475 Thread 0x0000023c680ac420 flushing  nmethod 0x0000023c52342b90
Event: 1864.475 Thread 0x0000023c680ac420 flushing  nmethod 0x0000023c52342f10
Event: 1864.475 Thread 0x0000023c680ac420 flushing  nmethod 0x0000023c52343590
Event: 1864.475 Thread 0x0000023c680ac420 flushing  nmethod 0x0000023c52343b90
Event: 1864.475 Thread 0x0000023c680ac420 flushing  nmethod 0x0000023c523c1010
Event: 1864.475 Thread 0x0000023c680ac420 flushing  nmethod 0x0000023c523c2910
Event: 1864.475 Thread 0x0000023c680ac420 flushing  nmethod 0x0000023c52409b90
Event: 1864.475 Thread 0x0000023c680ac420 flushing  nmethod 0x0000023c5240a810
Event: 1864.475 Thread 0x0000023c680ac420 flushing  nmethod 0x0000023c5240c110
Event: 1864.475 Thread 0x0000023c680ac420 flushing  nmethod 0x0000023c5240c490
Event: 1864.475 Thread 0x0000023c680ac420 flushing  nmethod 0x0000023c5240f710
Event: 1864.475 Thread 0x0000023c680ac420 flushing  nmethod 0x0000023c52411390
Event: 1864.475 Thread 0x0000023c680ac420 flushing  nmethod 0x0000023c52492190
Event: 1864.475 Thread 0x0000023c680ac420 flushing  nmethod 0x0000023c52496690
Event: 1864.475 Thread 0x0000023c680ac420 flushing  nmethod 0x0000023c5249b690
Event: 1864.475 Thread 0x0000023c680ac420 flushing  nmethod 0x0000023c524f6e90
Event: 1864.475 Thread 0x0000023c680ac420 flushing  nmethod 0x0000023c524f9a10
Event: 1864.475 Thread 0x0000023c680ac420 flushing  nmethod 0x0000023c524fc190

Events (20 events):
Event: 1864.484 Thread 0x0000023c681a85e0 Thread added: 0x0000023c6da48680
Event: 1864.484 Thread 0x0000023c681a85e0 Thread added: 0x0000023c6da45da0
Event: 1864.485 Thread 0x0000023c681a85e0 Thread added: 0x0000023c6da456d0
Event: 1864.485 Thread 0x0000023c681a85e0 Thread added: 0x0000023c6da49af0
Event: 1864.486 Thread 0x0000023c6da456d0 Thread added: 0x0000023c6da46b40
Event: 1864.486 Thread 0x0000023c6da456d0 Thread added: 0x0000023c6da49420
Event: 1864.486 Thread 0x0000023c6da456d0 Thread added: 0x0000023c6da46470
Event: 1864.486 Thread 0x0000023c6da456d0 Thread added: 0x0000023c6da4a1c0
Event: 1864.487 Thread 0x0000023c6da49420 Thread added: 0x0000023c6da4a890
Event: 1864.492 Thread 0x0000023c6d2b1040 Thread added: 0x0000023c7068ccf0
Event: 1864.751 Thread 0x0000023c6da4a890 Thread exited: 0x0000023c6da4a890
Event: 1864.752 Thread 0x0000023c6da46b40 Thread exited: 0x0000023c6da46b40
Event: 1864.752 Thread 0x0000023c6da49af0 Thread exited: 0x0000023c6da49af0
Event: 1864.752 Thread 0x0000023c6da456d0 Thread exited: 0x0000023c6da456d0
Event: 1869.511 Thread 0x0000023c7068ccf0 Thread exited: 0x0000023c7068ccf0
Event: 1869.893 Thread 0x0000023c6da46470 Thread exited: 0x0000023c6da46470
Event: 1869.893 Thread 0x0000023c6da4a1c0 Thread exited: 0x0000023c6da4a1c0
Event: 1869.893 Thread 0x0000023c6da45da0 Thread exited: 0x0000023c6da45da0
Event: 1874.898 Thread 0x0000023c6da49420 Thread exited: 0x0000023c6da49420
Event: 1874.898 Thread 0x0000023c6da48680 Thread exited: 0x0000023c6da48680


Dynamic libraries:
0x00007ff65c230000 - 0x00007ff65c23e000 	C:\Users\zheng\AppData\Local\Programs\STM32CubeMX\jre\bin\javaw.exe
0x00007ffde6b00000 - 0x00007ffde6d66000 	C:\WINDOWS\SYSTEM32\ntdll.dll
0x00007ffde5e20000 - 0x00007ffde5ee9000 	C:\WINDOWS\System32\KERNEL32.DLL
0x00007ffde3ef0000 - 0x00007ffde42ef000 	C:\WINDOWS\System32\KERNELBASE.dll
0x00007ffde45e0000 - 0x00007ffde472c000 	C:\WINDOWS\System32\ucrtbase.dll
0x00007ffdb44a0000 - 0x00007ffdb44b8000 	C:\Users\zheng\AppData\Local\Programs\STM32CubeMX\jre\bin\jli.dll
0x00007ffdadf20000 - 0x00007ffdadf3e000 	C:\Users\zheng\AppData\Local\Programs\STM32CubeMX\jre\bin\VCRUNTIME140.dll
0x00007ffde66f0000 - 0x00007ffde68b6000 	C:\WINDOWS\System32\USER32.dll
0x00007ffde4800000 - 0x00007ffde4827000 	C:\WINDOWS\System32\win32u.dll
0x00007ffde60d0000 - 0x00007ffde60fb000 	C:\WINDOWS\System32\GDI32.dll
0x00007ffdda970000 - 0x00007ffddac01000 	C:\WINDOWS\WinSxS\amd64_microsoft.windows.common-controls_6595b64144ccf1df_6.0.26100.8972_none_3e0da176e32f9d4b\COMCTL32.dll
0x00007ffde3d10000 - 0x00007ffde3e39000 	C:\WINDOWS\System32\gdi32full.dll
0x00007ffde5920000 - 0x00007ffde59c9000 	C:\WINDOWS\System32\msvcrt.dll
0x00007ffde3e40000 - 0x00007ffde3ee3000 	C:\WINDOWS\System32\msvcp_win.dll
0x00007ffde5bd0000 - 0x00007ffde5c02000 	C:\WINDOWS\System32\IMM32.DLL
0x00007ffdd1d60000 - 0x00007ffdd1d6c000 	C:\Users\zheng\AppData\Local\Programs\STM32CubeMX\jre\bin\vcruntime140_1.dll
0x00007ffd87d00000 - 0x00007ffd87d8d000 	C:\Users\zheng\AppData\Local\Programs\STM32CubeMX\jre\bin\msvcp140.dll
0x00007ffc720b0000 - 0x00007ffc72e51000 	C:\Users\zheng\AppData\Local\Programs\STM32CubeMX\jre\bin\server\jvm.dll
0x00007ffde6100000 - 0x00007ffde61bc000 	C:\WINDOWS\System32\ADVAPI32.dll
0x00007ffde4950000 - 0x00007ffde49fa000 	C:\WINDOWS\System32\sechost.dll
0x00007ffde69a0000 - 0x00007ffde6ab8000 	C:\WINDOWS\System32\RPCRT4.dll
0x00007ffde4830000 - 0x00007ffde48b2000 	C:\WINDOWS\System32\WS2_32.dll
0x00007ffde2be0000 - 0x00007ffde2c3e000 	C:\WINDOWS\SYSTEM32\POWRPROF.dll
0x00007ffddcb30000 - 0x00007ffddcb3b000 	C:\WINDOWS\SYSTEM32\VERSION.dll
0x00007ffddc230000 - 0x00007ffddc266000 	C:\WINDOWS\SYSTEM32\WINMM.dll
0x00007ffde2bc0000 - 0x00007ffde2bd5000 	C:\WINDOWS\SYSTEM32\UMPDC.dll
0x00007ffde2a90000 - 0x00007ffde2aab000 	C:\WINDOWS\SYSTEM32\kernel.appcore.dll
0x00007ffdd1b70000 - 0x00007ffdd1b7a000 	C:\Users\zheng\AppData\Local\Programs\STM32CubeMX\jre\bin\jimage.dll
0x00007ffde1330000 - 0x00007ffde1572000 	C:\WINDOWS\SYSTEM32\DBGHELP.DLL
0x00007ffde6360000 - 0x00007ffde66e5000 	C:\WINDOWS\System32\combase.dll
0x00007ffde4a70000 - 0x00007ffde4b49000 	C:\WINDOWS\System32\OLEAUT32.dll
0x00007ffdc4d90000 - 0x00007ffdc4dcb000 	C:\WINDOWS\SYSTEM32\dbgcore.DLL
0x00007ffde4390000 - 0x00007ffde443c000 	C:\WINDOWS\System32\bcryptPrimitives.dll
0x00007ffdadd50000 - 0x00007ffdadd70000 	C:\Users\zheng\AppData\Local\Programs\STM32CubeMX\jre\bin\java.dll
0x00007ffde4b50000 - 0x00007ffde52d8000 	C:\WINDOWS\System32\SHELL32.dll
0x00007ffde17f0000 - 0x00007ffde208b000 	C:\WINDOWS\SYSTEM32\windows.storage.dll
0x00007ffde5f40000 - 0x00007ffde6039000 	C:\WINDOWS\System32\SHCORE.dll
0x00007ffde4a00000 - 0x00007ffde4a66000 	C:\WINDOWS\System32\shlwapi.dll
0x00007ffde3c30000 - 0x00007ffde3c59000 	C:\WINDOWS\SYSTEM32\profapi.dll
0x00007ffd4f020000 - 0x00007ffd4f0f7000 	C:\Users\zheng\AppData\Local\Programs\STM32CubeMX\jre\bin\jsvml.dll
0x00007ffdce210000 - 0x00007ffdce220000 	C:\Users\zheng\AppData\Local\Programs\STM32CubeMX\jre\bin\net.dll
0x00007ffddbf20000 - 0x00007ffddc048000 	C:\WINDOWS\SYSTEM32\WINHTTP.dll
0x00007ffde30d0000 - 0x00007ffde313c000 	C:\WINDOWS\system32\mswsock.dll
0x00007ffdadc10000 - 0x00007ffdadc26000 	C:\Users\zheng\AppData\Local\Programs\STM32CubeMX\jre\bin\nio.dll
0x00007ffdadbf0000 - 0x00007ffdadc08000 	C:\Users\zheng\AppData\Local\Programs\STM32CubeMX\jre\bin\zip.dll
0x00007ffdca120000 - 0x00007ffdca12a000 	C:\Users\zheng\AppData\Local\Programs\STM32CubeMX\jre\bin\management.dll
0x00007ffdc93c0000 - 0x00007ffdc93cc000 	C:\Users\zheng\AppData\Local\Programs\STM32CubeMX\jre\bin\management_ext.dll
0x00007ffde6040000 - 0x00007ffde6048000 	C:\WINDOWS\System32\PSAPI.DLL
0x00007ffddbaa0000 - 0x00007ffddbab8000 	C:\WINDOWS\system32\napinsp.dll
0x00007ffde2380000 - 0x00007ffde24d8000 	C:\WINDOWS\SYSTEM32\DNSAPI.dll
0x00007ffde2eb0000 - 0x00007ffde2ebd000 	C:\WINDOWS\SYSTEM32\DSPARSE.dll
0x00007ffde2340000 - 0x00007ffde2373000 	C:\WINDOWS\SYSTEM32\IPHLPAPI.DLL
0x00007ffde6990000 - 0x00007ffde699a000 	C:\WINDOWS\System32\NSI.dll
0x00007ffddba80000 - 0x00007ffddba93000 	C:\WINDOWS\System32\winrnr.dll
0x00007ffddb8d0000 - 0x00007ffddb8f2000 	C:\WINDOWS\system32\nlansp_c.dll
0x00007ffddc790000 - 0x00007ffddc7a6000 	C:\WINDOWS\system32\wshbth.dll
0x00007ffddc780000 - 0x00007ffddc78b000 	C:\Windows\System32\rasadhlp.dll
0x00007ffddbb00000 - 0x00007ffddbb86000 	C:\WINDOWS\System32\fwpuclnt.dll
0x00007ffcff8e0000 - 0x00007ffcffa6f000 	C:\Users\zheng\AppData\Local\Programs\STM32CubeMX\jre\bin\awt.dll
0x00007ffde04d0000 - 0x00007ffde056f000 	C:\WINDOWS\SYSTEM32\apphelp.dll
0x00007ffde33c0000 - 0x00007ffde33db000 	C:\WINDOWS\SYSTEM32\CRYPTSP.dll
0x00007ffde29f0000 - 0x00007ffde2a29000 	C:\WINDOWS\system32\rsaenh.dll
0x00007ffde3180000 - 0x00007ffde31b2000 	C:\WINDOWS\SYSTEM32\USERENV.dll
0x00007ffde3c00000 - 0x00007ffde3c2a000 	C:\WINDOWS\SYSTEM32\bcrypt.dll
0x00007ffde33e0000 - 0x00007ffde33ec000 	C:\WINDOWS\SYSTEM32\CRYPTBASE.dll
0x00007ffde08e0000 - 0x00007ffde0988000 	C:\WINDOWS\system32\uxtheme.dll
0x00007ffde57b0000 - 0x00007ffde590d000 	C:\WINDOWS\System32\MSCTF.dll
0x00007ffde5a30000 - 0x00007ffde5bc9000 	C:\WINDOWS\System32\ole32.dll
0x00007ffde0c90000 - 0x00007ffde0cbf000 	C:\WINDOWS\system32\DWMAPI.DLL
0x00007ffd49550000 - 0x00007ffd4965c000 	C:\WINDOWS\system32\opengl32.dll
0x00007ffd31070000 - 0x00007ffd3109d000 	C:\WINDOWS\SYSTEM32\GLU32.dll
0x00007ffde09e0000 - 0x00007ffde0a25000 	C:\WINDOWS\SYSTEM32\dxcore.dll
0x00007ffd530d0000 - 0x00007ffd53157000 	C:\Users\zheng\AppData\Local\Programs\STM32CubeMX\jre\bin\freetype.dll
0x00007ffd00b00000 - 0x00007ffd00bf2000 	C:\Users\zheng\AppData\Local\Programs\STM32CubeMX\jre\bin\fontmanager.dll
0x00007ffde0860000 - 0x00007ffde086e000 	C:\WINDOWS\SYSTEM32\WINNSI.DLL
0x00007ffdbf480000 - 0x00007ffdbf490000 	C:\Users\zheng\AppData\Local\Programs\STM32CubeMX\jre\bin\verify.dll
0x00007ffdb4400000 - 0x00007ffdb4409000 	C:\Users\zheng\AppData\Local\Programs\STM32CubeMX\jre\bin\prefs.dll
0x00007ffd6d990000 - 0x00007ffd6d9d1000 	C:\Users\zheng\AppData\Local\Temp\jna-115868400\jna7583394141472366769.dll
0x00007ffdb2e10000 - 0x00007ffdb2e1e000 	C:\Users\zheng\AppData\Local\Programs\STM32CubeMX\jre\bin\sunmscapi.dll
0x00007ffde4450000 - 0x00007ffde45ce000 	C:\WINDOWS\System32\CRYPT32.dll
0x00007ffde3600000 - 0x00007ffde3630000 	C:\WINDOWS\SYSTEM32\ncrypt.dll
0x00007ffde35b0000 - 0x00007ffde35ef000 	C:\WINDOWS\SYSTEM32\NTASN1.dll
0x00007ffde3440000 - 0x00007ffde3453000 	C:\WINDOWS\SYSTEM32\MSASN1.dll
0x00007ffdcb7c0000 - 0x00007ffdcb850000 	C:\WINDOWS\system32\ncryptprov.dll
0x00007ffde3150000 - 0x00007ffde3175000 	C:\WINDOWS\SYSTEM32\gpapi.dll
0x00007ffde3a10000 - 0x00007ffde3a1a000 	C:\WINDOWS\SYSTEM32\DPAPI.dll
0x00007ffdadd40000 - 0x00007ffdadd49000 	C:\Users\zheng\AppData\Local\Programs\STM32CubeMX\jre\bin\extnet.dll
0x00007ffde68c0000 - 0x00007ffde696e000 	C:\WINDOWS\System32\clbcatq.dll
0x00007ffddecb0000 - 0x00007ffddeedd000 	C:\WINDOWS\SYSTEM32\WindowsCodecs.dll
0x00007ffd9c4e0000 - 0x00007ffd9c53c000 	C:\WINDOWS\system32\dataexchange.dll
0x00007ffdd2ea0000 - 0x00007ffdd30f0000 	C:\WINDOWS\system32\twinapi.appcore.dll
0x00007ffdcc0c0000 - 0x00007ffdcc206000 	C:\WINDOWS\SYSTEM32\textinputframework.dll
0x00007ffde0080000 - 0x00007ffde01ab000 	C:\WINDOWS\SYSTEM32\CoreMessaging.dll
0x00007ffdd6380000 - 0x00007ffdd6664000 	C:\WINDOWS\SYSTEM32\CoreUIComponents.dll
0x00007ffddd920000 - 0x00007ffddda8a000 	C:\WINDOWS\SYSTEM32\wintypes.dll
0x00007ffce9a00000 - 0x00007ffce9afa000 	C:\Users\zheng\AppData\Local\Temp\sqlite-3.49.1.0-2156faee-635c-43bc-98f2-d6840147b84f-sqlitejdbc.dll
0x00007ffd9b230000 - 0x00007ffd9b2b0000 	C:\WINDOWS\system32\Ninput.dll
0x00007ffdca410000 - 0x00007ffdca4c6000 	C:\WINDOWS\SYSTEM32\TextShaping.dll

JVMTI agents: none

dbghelp: loaded successfully - version: 4.0.5 - missing functions: none
symbol engine: initialized successfully - sym options: 0x614 - pdb path: .;C:\Users\zheng\AppData\Local\Programs\STM32CubeMX\jre\bin;C:\WINDOWS\SYSTEM32;C:\WINDOWS\WinSxS\amd64_microsoft.windows.common-controls_6595b64144ccf1df_6.0.26100.8972_none_3e0da176e32f9d4b;C:\Users\zheng\AppData\Local\Programs\STM32CubeMX\jre\bin\server;C:\Users\zheng\AppData\Local\Temp\jna-115868400;C:\Users\zheng\AppData\Local\Temp

VM Arguments:
jvm_args: -Djavax.net.ssl.trustStoreType=WINDOWS-ROOT -Dsun.java2d.d3d=false --add-exports=java.desktop/sun.awt=ALL-UNNAMED --add-opens=java.desktop/java.awt=ALL-UNNAMED -Dfile.encoding=UTF8 
java_command: com.st.microxplorer.maingui.STM32CubeMX C:\Users\zheng\Desktop\3D\gcxl\F407\WWW\WWW.ioc
java_class_path (initial): C:\Users\zheng\AppData\Local\Programs\STM32CubeMX\STM32CubeMX.exe;anything
Launcher Type: SUN_STANDARD

[Global flags]
     intx CICompilerCount                          = 12                                        {product} {ergonomic}
     uint ConcGCThreads                            = 3                                         {product} {ergonomic}
     uint G1ConcRefinementThreads                  = 13                                        {product} {ergonomic}
   size_t G1HeapRegionSize                         = 2097152                                   {product} {ergonomic}
    uintx GCDrainStackTargetSize                   = 64                                        {product} {ergonomic}
   size_t InitialHeapSize                          = 257949696                                 {product} {ergonomic}
   size_t MarkStackSize                            = 4194304                                   {product} {ergonomic}
   size_t MaxHeapSize                              = 4125097984                                {product} {ergonomic}
   size_t MaxNewSize                               = 2474639360                                {product} {ergonomic}
   size_t MinHeapDeltaBytes                        = 2097152                                   {product} {ergonomic}
   size_t MinHeapSize                              = 8388608                                   {product} {ergonomic}
    uintx NonNMethodCodeHeapSize                   = 7602480                                {pd product} {ergonomic}
    uintx NonProfiledCodeHeapSize                  = 122027880                              {pd product} {ergonomic}
    uintx ProfiledCodeHeapSize                     = 122027880                              {pd product} {ergonomic}
    uintx ReservedCodeCacheSize                    = 251658240                              {pd product} {ergonomic}
     bool SegmentedCodeCache                       = true                                      {product} {ergonomic}
   size_t SoftMaxHeapSize                          = 4125097984                             {manageable} {ergonomic}
     bool UseCompressedOops                        = true                           {product lp64_product} {ergonomic}
     bool UseG1GC                                  = true                                      {product} {ergonomic}
     bool UseLargePagesIndividualAllocation        = false                                  {pd product} {ergonomic}

Logging:
Log output configuration:
 #0: stdout all=warning uptime,level,tags foldmultilines=false
 #1: stderr all=off uptime,level,tags foldmultilines=false

Release file:
JAVA_VERSION="21.0.10" 
MODULES="java.base java.compiler java.datatransfer java.xml java.prefs java.desktop java.instrument java.logging java.management java.security.sasl java.naming java.rmi java.management.rmi java.net.http java.scripting java.security.jgss java.transaction.xa java.sql java.sql.rowset java.xml.crypto java.se java.smartcardio jdk.jfr javafx.base jdk.unsupported javafx.graphics javafx.controls javafx.fxml javafx.media jdk.unsupported.desktop javafx.swing jdk.jsobject jdk.xml.dom javafx.web jdk.accessibility jdk.internal.jvmstat jdk.attach jdk.charsets jdk.internal.opt jdk.zipfs jdk.compiler jdk.crypto.ec jdk.crypto.cryptoki jdk.crypto.mscapi jdk.dynalink jdk.internal.ed jdk.editpad jdk.httpserver jdk.incubator.vector jdk.internal.le jdk.internal.vm.ci jdk.internal.vm.compiler jdk.internal.vm.compiler.management jdk.jartool jdk.javadoc jdk.jdeps jdk.jdwp.agent jdk.jdi jdk.jlink jdk.jpackage jdk.jshell jdk.jstatd jdk.localedata jdk.management jdk.management.agent jdk.management.jfr jdk.naming.dns jdk.naming.rmi jdk.net jdk.nio.mapmode jdk.random jdk.sctp jdk.security.auth jdk.security.jgss" 

Environment Variables:
JAVA_TOOL_OPTIONS=
_JAVA_OPTIONS=
PATH=C:\Users\zheng\AppData\Local\Programs\STM32CubeMX\;C:\Program Files (x86)\Common Files\Oracle\Java\javapath;C:\Program Files\NVIDIA GPU Computing Toolkit\CUDA\v12.6\bin;C:\Program Files\NVIDIA GPU Computing Toolkit\CUDA\v12.6\libnvvp;C:\Windows\system32;C:\Windows;C:\Windows\System32\Wbem;C:\Windows\System32\WindowsPowerShell\v1.0\;C:\Windows\System32\OpenSSH\;C:\Program Files (x86)\NVIDIA Corporation\PhysX\Common;C:\WINDOWS\system32;C:\WINDOWS;C:\WINDOWS\System32\Wbem;C:\WINDOWS\System32\WindowsPowerShell\v1.0\;C:\WINDOWS\System32\OpenSSH\;C:\Program Files\dotnet\;C:\Program Files\NVIDIA Corporation\NVIDIA app\NvDLISR;C:\Program Files (x86)\pcsuite\;C:\Users\zheng\AppData\Local\Programs\Python\Python311\Scripts\;C:\Users\zheng\AppData\Local\Programs\Python\Python311\;C:\WINDOWSSystem32\wbem;C:\Windows\System32wbem;C:\Windows\System32\wbem;C:\Program Files\Git\cmd;C:\Users\zheng\Desktop\hack\adb;C:\Program Files\NVIDIA Corporation\Nsight Compute 2024.3.2\;C:\Program Files\NVIDIA GPU Computing Toolkit\CUDA\v12.6\include;C:\Program Files\NVIDIA GPU Computing Toolkit\CUDA\v12.6\lib;C:\Program Files\Graphviz\bin;C:\Program Files\Docker\Docker\resources\bin;G:\command-line-tools\sdk\default\openharmony\toolchains;C:\Program Files (x86)\EasyShare\x86\;C:\Program Files (x86)\EasyShare\x64\;C:\Program Files\Wolfram Research\WolframScript\;G:\chromedriver-win64\chromedriver.exe;C:\Program Files\Sunshine;C:\Program Files\Sunshine\tools;C:\Program Files (x86)\NetSarang\Xshell 8\;G:\Windows Kits\10\Windows Performance Toolkit\;C:\Users\zheng\Desktop\Toolchain\arm_gnu_toolchain\bin;C:\Users\zheng\Desktop\Toolchain\Cmake4.4.0-rc3\bin;C:\Users\zheng\Desktop\Toolchain\mingw64\bin;C:\Users\zheng\Desktop\Toolchain\ninja;C:\Users\zheng\Desktop\Toolchain\OpenOCD-20260302-0.12.0\bin;C:\Program Files (x86)\STMicroelectronics\STM32 ST-LINK Utility\ST-LINK Utility;C:\Program Files (x86)\Microsoft SQL Server\160\Tools\Binn\;C:\Program Files\Microsoft SQL Server\160\Tools\Binn\;C:\Program Files\Microsoft SQL Server\Client SDK\ODBC\170\Tools\Binn\;C:\Program Files\Microsoft SQL Server\160\DTS\Binn\;C:\Program Files (x86)\Windows Kits\8.1\Windows Performance Toolkit\;G:\Program Files\QoderCN\bin;C:\Users\zheng\AppData\Local\Programs\Python\Python311\Scripts\;C:\Users\zheng\AppData\Local\Programs\Python\Python311\;C:\Users\zheng\AppData\Local\Microsoft\WindowsApps;C:\Users\zheng\AppData\Local\JetBrains\Toolbox\scripts;C:\mingw64\bin;C:\Program Files (x86)\Prince\engine\bin;C:\Users\zheng\AppData\Local\Programs\Fiddler;C:\Users\zheng\AppData\Local\Programs\MiKTeX\miktex\bin\x64\;C:\Program Files\Graphviz\bin;C:\Users\zheng\AppData\Local\Programs\Microsoft VS Code\bin;C:\Users\zheng\AppData\Local\Microsoft\WindowsApps;C:\Users\zheng\AppData\Local\Programs\Antigravity\bin;C:\Users\zheng\AppData\Local\GitHubDesktop\bin;C:\Users\zheng\AppData\Local\Pandoc\;G:\Program Files\JetBrains\CLion 2026.2.1\bin;C:\Users\zheng\AppData\Local\Programs\STM32CubeMX\.\jre\\bin
USERNAME=zheng
OS=Windows_NT
PROCESSOR_IDENTIFIER=AMD64 Family 25 Model 80 Stepping 0, AuthenticAMD
TMP=C:\Users\zheng\AppData\Local\Temp
TEMP=C:\Users\zheng\AppData\Local\Temp




Periodic native trim disabled

---------------  S Y S T E M  ---------------

OS:
 Windows 11 , 64 bit Build 26100 (10.0.26100.9168)
OS uptime: 1 days 23:22 hours

CPU: total 16 (initial active 16) (16 cores per cpu, 2 threads per core) family 25 model 80 stepping 0 microcode 0xa50000f, cx8, cmov, fxsr, ht, mmx, 3dnowpref, sse, sse2, sse3, ssse3, sse4a, sse4.1, sse4.2, popcnt, lzcnt, tsc, tscinvbit, avx, avx2, aes, erms, clmul, bmi1, bmi2, adx, sha, fma, vzeroupper, clflush, clflushopt, rdtscp, rdpid, fsrm, f16c, pku, cet_ss
Processor Information for processor 0
  Max Mhz: 3201, Current Mhz: 2555, Mhz Limit: 3201
Processor Information for processor 1
  Max Mhz: 3201, Current Mhz: 2555, Mhz Limit: 3201
Processor Information for processor 2
  Max Mhz: 3201, Current Mhz: 2555, Mhz Limit: 3201
Processor Information for processor 3
  Max Mhz: 3201, Current Mhz: 3201, Mhz Limit: 3201
Processor Information for processor 4
  Max Mhz: 3201, Current Mhz: 2555, Mhz Limit: 3201
Processor Information for processor 5
  Max Mhz: 3201, Current Mhz: 2555, Mhz Limit: 3201
Processor Information for processor 6
  Max Mhz: 3201, Current Mhz: 2555, Mhz Limit: 3201
Processor Information for processor 7
  Max Mhz: 3201, Current Mhz: 2555, Mhz Limit: 3201
Processor Information for processor 8
  Max Mhz: 3201, Current Mhz: 2555, Mhz Limit: 3201
Processor Information for processor 9
  Max Mhz: 3201, Current Mhz: 3201, Mhz Limit: 3201
Processor Information for processor 10
  Max Mhz: 3201, Current Mhz: 3201, Mhz Limit: 3201
Processor Information for processor 11
  Max Mhz: 3201, Current Mhz: 2555, Mhz Limit: 3201
Processor Information for processor 12
  Max Mhz: 3201, Current Mhz: 2555, Mhz Limit: 3201
Processor Information for processor 13
  Max Mhz: 3201, Current Mhz: 2555, Mhz Limit: 3201
Processor Information for processor 14
  Max Mhz: 3201, Current Mhz: 2555, Mhz Limit: 3201
Processor Information for processor 15
  Max Mhz: 3201, Current Mhz: 2555, Mhz Limit: 3201

Memory: 4k page, system-wide physical 15734M (322M free)
TotalPageFile size 41334M (AvailPageFile size 23M)
current process WorkingSet (physical memory assigned to process): 428M, peak: 764M
current process commit charge ("private bytes"): 793M, peak: 799M

vm_info: OpenJDK 64-Bit Server VM (21.0.10+7-LTS) for windows-amd64 JRE (21.0.10+7-LTS), built on 2026-01-20T00:00:00Z by "admin" with MS VC++ 17.12 (VS2022)

END.
